<?xml version="1.0"?>
<link_info>
   <banner>TI ARM Linker PC v5.2.5</banner>
   <copyright>Copyright (c) 1996-2015 Texas Instruments Incorporated</copyright>
   <link_time>0x56b5d188</link_time>
   <link_errors>0x0</link_errors>
   <output_file>Worker.out</output_file>
   <entry_point>
      <name>_c_int00</name>
      <address>0x2d29</address>
   </entry_point>
   <input_file_list>
      <input_file id="fl-2">
         <path>.\</path>
         <kind>object</kind>
         <file>main.obj</file>
         <name>main.obj</name>
      </input_file>
      <input_file id="fl-3">
         <path>.\</path>
         <kind>object</kind>
         <file>tm4c123gh6pge_startup_ccs.obj</file>
         <name>tm4c123gh6pge_startup_ccs.obj</name>
      </input_file>
      <input_file id="fl-4">
         <path>.\utils\</path>
         <kind>object</kind>
         <file>uartstdio.obj</file>
         <name>uartstdio.obj</name>
      </input_file>
      <input_file id="fl-12b">
         <path>C:\ti\ccsv6\tools\compiler\ti-cgt-arm_5.2.5\lib\</path>
         <kind>archive</kind>
         <file>rtsv7M4_T_le_v4SPD16_eabi.lib</file>
         <name>boot.obj</name>
      </input_file>
      <input_file id="fl-12c">
         <path>C:\ti\ccsv6\tools\compiler\ti-cgt-arm_5.2.5\lib\</path>
         <kind>archive</kind>
         <file>rtsv7M4_T_le_v4SPD16_eabi.lib</file>
         <name>copy_decompress_none.obj</name>
      </input_file>
      <input_file id="fl-12d">
         <path>C:\ti\ccsv6\tools\compiler\ti-cgt-arm_5.2.5\lib\</path>
         <kind>archive</kind>
         <file>rtsv7M4_T_le_v4SPD16_eabi.lib</file>
         <name>copy_decompress_rle.obj</name>
      </input_file>
      <input_file id="fl-12e">
         <path>C:\ti\ccsv6\tools\compiler\ti-cgt-arm_5.2.5\lib\</path>
         <kind>archive</kind>
         <file>rtsv7M4_T_le_v4SPD16_eabi.lib</file>
         <name>copy_zero_init.obj</name>
      </input_file>
      <input_file id="fl-12f">
         <path>C:\ti\ccsv6\tools\compiler\ti-cgt-arm_5.2.5\lib\</path>
         <kind>archive</kind>
         <file>rtsv7M4_T_le_v4SPD16_eabi.lib</file>
         <name>exit.obj</name>
      </input_file>
      <input_file id="fl-130">
         <path>C:\ti\ccsv6\tools\compiler\ti-cgt-arm_5.2.5\lib\</path>
         <kind>archive</kind>
         <file>rtsv7M4_T_le_v4SPD16_eabi.lib</file>
         <name>fd_mul_t2.obj</name>
      </input_file>
      <input_file id="fl-131">
         <path>C:\ti\ccsv6\tools\compiler\ti-cgt-arm_5.2.5\lib\</path>
         <kind>archive</kind>
         <file>rtsv7M4_T_le_v4SPD16_eabi.lib</file>
         <name>fd_tou_t2.obj</name>
      </input_file>
      <input_file id="fl-132">
         <path>C:\ti\ccsv6\tools\compiler\ti-cgt-arm_5.2.5\lib\</path>
         <kind>archive</kind>
         <file>rtsv7M4_T_le_v4SPD16_eabi.lib</file>
         <name>memcpy_t2.obj</name>
      </input_file>
      <input_file id="fl-133">
         <path>C:\ti\ccsv6\tools\compiler\ti-cgt-arm_5.2.5\lib\</path>
         <kind>archive</kind>
         <file>rtsv7M4_T_le_v4SPD16_eabi.lib</file>
         <name>memset_t2.obj</name>
      </input_file>
      <input_file id="fl-134">
         <path>C:\ti\ccsv6\tools\compiler\ti-cgt-arm_5.2.5\lib\</path>
         <kind>archive</kind>
         <file>rtsv7M4_T_le_v4SPD16_eabi.lib</file>
         <name>pre_init.obj</name>
      </input_file>
      <input_file id="fl-135">
         <path>C:\ti\ccsv6\tools\compiler\ti-cgt-arm_5.2.5\lib\</path>
         <kind>archive</kind>
         <file>rtsv7M4_T_le_v4SPD16_eabi.lib</file>
         <name>stkdepth_vars.obj</name>
      </input_file>
      <input_file id="fl-136">
         <path>C:\ti\ccsv6\tools\compiler\ti-cgt-arm_5.2.5\lib\</path>
         <kind>archive</kind>
         <file>rtsv7M4_T_le_v4SPD16_eabi.lib</file>
         <name>u_divt2.obj</name>
      </input_file>
      <input_file id="fl-137">
         <path>C:\ti\ccsv6\tools\compiler\ti-cgt-arm_5.2.5\lib\</path>
         <kind>archive</kind>
         <file>rtsv7M4_T_le_v4SPD16_eabi.lib</file>
         <name>u_tofd_t2.obj</name>
      </input_file>
      <input_file id="fl-138">
         <path>C:\ti\ccsv6\tools\compiler\ti-cgt-arm_5.2.5\lib\</path>
         <kind>archive</kind>
         <file>rtsv7M4_T_le_v4SPD16_eabi.lib</file>
         <name>_lock.obj</name>
      </input_file>
      <input_file id="fl-139">
         <path>C:\ti\ccsv6\tools\compiler\ti-cgt-arm_5.2.5\lib\</path>
         <kind>archive</kind>
         <file>rtsv7M4_T_le_v4SPD16_eabi.lib</file>
         <name>args_main.obj</name>
      </input_file>
      <input_file id="fl-13a">
         <path>C:\ti\ccsv6\tools\compiler\ti-cgt-arm_5.2.5\lib\</path>
         <kind>archive</kind>
         <file>rtsv7M4_T_le_v4SPD16_eabi.lib</file>
         <name>autoinit.obj</name>
      </input_file>
      <input_file id="fl-13b">
         <path>C:\ti\ccsv6\tools\compiler\ti-cgt-arm_5.2.5\lib\</path>
         <kind>archive</kind>
         <file>rtsv7M4_T_le_v4SPD16_eabi.lib</file>
         <name>cpy_tbl.obj</name>
      </input_file>
      <input_file id="fl-13c">
         <path>C:\ti\ccsv6\tools\compiler\ti-cgt-arm_5.2.5\lib\</path>
         <kind>archive</kind>
         <file>rtsv7M4_T_le_v4SPD16_eabi.lib</file>
         <name>i_div0.obj</name>
      </input_file>
      <input_file id="fl-13d">
         <path>C:\ti\TivaWare_C_Series-2.1.2.111\examples\boards\ek-tm4c123gxl\hello\ccs\..\..\..\..\..\driverlib\ccs\Debug\</path>
         <kind>archive</kind>
         <file>driverlib.lib</file>
         <name>adc.obj</name>
      </input_file>
      <input_file id="fl-13e">
         <path>C:\ti\TivaWare_C_Series-2.1.2.111\examples\boards\ek-tm4c123gxl\hello\ccs\..\..\..\..\..\driverlib\ccs\Debug\</path>
         <kind>archive</kind>
         <file>driverlib.lib</file>
         <name>flash.obj</name>
      </input_file>
      <input_file id="fl-13f">
         <path>C:\ti\TivaWare_C_Series-2.1.2.111\examples\boards\ek-tm4c123gxl\hello\ccs\..\..\..\..\..\driverlib\ccs\Debug\</path>
         <kind>archive</kind>
         <file>driverlib.lib</file>
         <name>gpio.obj</name>
      </input_file>
      <input_file id="fl-140">
         <path>C:\ti\TivaWare_C_Series-2.1.2.111\examples\boards\ek-tm4c123gxl\hello\ccs\..\..\..\..\..\driverlib\ccs\Debug\</path>
         <kind>archive</kind>
         <file>driverlib.lib</file>
         <name>i2c.obj</name>
      </input_file>
      <input_file id="fl-141">
         <path>C:\ti\TivaWare_C_Series-2.1.2.111\examples\boards\ek-tm4c123gxl\hello\ccs\..\..\..\..\..\driverlib\ccs\Debug\</path>
         <kind>archive</kind>
         <file>driverlib.lib</file>
         <name>interrupt.obj</name>
      </input_file>
      <input_file id="fl-142">
         <path>C:\ti\TivaWare_C_Series-2.1.2.111\examples\boards\ek-tm4c123gxl\hello\ccs\..\..\..\..\..\driverlib\ccs\Debug\</path>
         <kind>archive</kind>
         <file>driverlib.lib</file>
         <name>ssi.obj</name>
      </input_file>
      <input_file id="fl-143">
         <path>C:\ti\TivaWare_C_Series-2.1.2.111\examples\boards\ek-tm4c123gxl\hello\ccs\..\..\..\..\..\driverlib\ccs\Debug\</path>
         <kind>archive</kind>
         <file>driverlib.lib</file>
         <name>sysctl.obj</name>
      </input_file>
      <input_file id="fl-144">
         <path>C:\ti\TivaWare_C_Series-2.1.2.111\examples\boards\ek-tm4c123gxl\hello\ccs\..\..\..\..\..\driverlib\ccs\Debug\</path>
         <kind>archive</kind>
         <file>driverlib.lib</file>
         <name>systick.obj</name>
      </input_file>
      <input_file id="fl-145">
         <path>C:\ti\TivaWare_C_Series-2.1.2.111\examples\boards\ek-tm4c123gxl\hello\ccs\..\..\..\..\..\driverlib\ccs\Debug\</path>
         <kind>archive</kind>
         <file>driverlib.lib</file>
         <name>timer.obj</name>
      </input_file>
      <input_file id="fl-146">
         <path>C:\ti\TivaWare_C_Series-2.1.2.111\examples\boards\ek-tm4c123gxl\hello\ccs\..\..\..\..\..\driverlib\ccs\Debug\</path>
         <kind>archive</kind>
         <file>driverlib.lib</file>
         <name>uart.obj</name>
      </input_file>
      <input_file id="fl-147">
         <path>C:\ti\TivaWare_C_Series-2.1.2.111\examples\boards\ek-tm4c123gxl\hello\ccs\..\..\..\..\..\driverlib\ccs\Debug\</path>
         <kind>archive</kind>
         <file>driverlib.lib</file>
         <name>udma.obj</name>
      </input_file>
      <input_file id="fl-148">
         <path>C:\ti\TivaWare_C_Series-2.1.2.111\examples\boards\ek-tm4c123gxl\hello\ccs\..\..\..\..\..\driverlib\ccs\Debug\</path>
         <kind>archive</kind>
         <file>driverlib.lib</file>
         <name>watchdog.obj</name>
      </input_file>
      <input_file id="fl-149">
         <path>C:\ti\TivaWare_C_Series-2.1.2.111\examples\boards\ek-tm4c123gxl\hello\ccs\..\..\..\..\..\driverlib\ccs\Debug\</path>
         <kind>archive</kind>
         <file>driverlib.lib</file>
         <name>cpu.obj</name>
      </input_file>
   </input_file_list>
   <object_component_list>
      <object_component id="oc-f">
         <name>.intvecs</name>
         <load_address>0x0</load_address>
         <run_address>0x0</run_address>
         <size>0x26c</size>
         <input_file_ref idref="fl-3"/>
      </object_component>
      <object_component id="oc-1e8">
         <name>.text:HK_Data_Acquire</name>
         <load_address>0x26c</load_address>
         <run_address>0x26c</run_address>
         <size>0x3cc</size>
         <input_file_ref idref="fl-2"/>
      </object_component>
      <object_component id="oc-42">
         <name>.text:Bulk_INT</name>
         <load_address>0x638</load_address>
         <run_address>0x638</run_address>
         <size>0x3b0</size>
         <input_file_ref idref="fl-2"/>
      </object_component>
      <object_component id="oc-1ae">
         <name>.text:UARTvprintf</name>
         <load_address>0x9e8</load_address>
         <run_address>0x9e8</run_address>
         <size>0x1ea</size>
         <input_file_ref idref="fl-4"/>
      </object_component>
      <object_component id="oc-30">
         <name>.text:NmiSR</name>
         <load_address>0xbd2</load_address>
         <run_address>0xbd2</run_address>
         <size>0x2</size>
         <input_file_ref idref="fl-3"/>
      </object_component>
      <object_component id="oc-104">
         <name>.text:I2C_Decode_TC</name>
         <load_address>0xbd4</load_address>
         <run_address>0xbd4</run_address>
         <size>0x1d0</size>
         <input_file_ref idref="fl-2"/>
      </object_component>
      <object_component id="oc-66">
         <name>.text:dE_dX_INT</name>
         <load_address>0xda4</load_address>
         <run_address>0xda4</run_address>
         <size>0x1c8</size>
         <input_file_ref idref="fl-2"/>
      </object_component>
      <object_component id="oc-10a">
         <name>.text:I2C_Encode_Telemetry</name>
         <load_address>0xf6c</load_address>
         <run_address>0xf6c</run_address>
         <size>0x1b8</size>
         <input_file_ref idref="fl-2"/>
      </object_component>
      <object_component id="oc-5a">
         <name>.text:SCI_Timer_INT_Handler</name>
         <load_address>0x1124</load_address>
         <run_address>0x1124</run_address>
         <size>0x198</size>
         <input_file_ref idref="fl-2"/>
      </object_component>
      <object_component id="oc-356">
         <name>.text:GPIOConfigure</name>
         <load_address>0x12bc</load_address>
         <run_address>0x12bc</run_address>
         <size>0x160</size>
         <input_file_ref idref="fl-2"/>
      </object_component>
      <object_component id="oc-435">
         <name>.text:GPIOPadConfigSet</name>
         <load_address>0x141c</load_address>
         <run_address>0x141c</run_address>
         <size>0x132</size>
         <input_file_ref idref="fl-13f"/>
      </object_component>
      <object_component id="oc-3bd">
         <name>.text</name>
         <load_address>0x154e</load_address>
         <run_address>0x154e</run_address>
         <size>0x2</size>
         <input_file_ref idref="fl-13c"/>
      </object_component>
      <object_component id="oc-276">
         <name>.text:PYLD_SPEED_SCIENCE_INIT</name>
         <load_address>0x1550</load_address>
         <run_address>0x1550</run_address>
         <size>0x118</size>
         <input_file_ref idref="fl-2"/>
      </object_component>
      <object_component id="oc-12e">
         <name>.text:SysCtlClockGet</name>
         <load_address>0x1668</load_address>
         <run_address>0x1668</run_address>
         <size>0x110</size>
         <input_file_ref idref="fl-143"/>
      </object_component>
      <object_component id="oc-39a">
         <name>.text:Fast_Init</name>
         <load_address>0x1778</load_address>
         <run_address>0x1778</run_address>
         <size>0x108</size>
         <input_file_ref idref="fl-2"/>
      </object_component>
      <object_component id="oc-169">
         <name>.text:HV_Value_Set</name>
         <load_address>0x1880</load_address>
         <run_address>0x1880</run_address>
         <size>0x104</size>
         <input_file_ref idref="fl-2"/>
      </object_component>
      <object_component id="oc-315">
         <name>.text</name>
         <load_address>0x1984</load_address>
         <run_address>0x1984</run_address>
         <size>0xfc</size>
         <input_file_ref idref="fl-130"/>
      </object_component>
      <object_component id="oc-25e">
         <name>.text:SysCtlClockSet</name>
         <load_address>0x1a80</load_address>
         <run_address>0x1a80</run_address>
         <size>0xf4</size>
         <input_file_ref idref="fl-143"/>
      </object_component>
      <object_component id="oc-4e">
         <name>.text:I2C0SlaveIntHandler</name>
         <load_address>0x1b74</load_address>
         <run_address>0x1b74</run_address>
         <size>0xe8</size>
         <input_file_ref idref="fl-2"/>
      </object_component>
      <object_component id="oc-200">
         <name>.text:PL_PREV_STATE_CHECK</name>
         <load_address>0x1c5c</load_address>
         <run_address>0x1c5c</run_address>
         <size>0xe4</size>
         <input_file_ref idref="fl-2"/>
      </object_component>
      <object_component id="oc-19b">
         <name>.text:main</name>
         <load_address>0x1d40</load_address>
         <run_address>0x1d40</run_address>
         <size>0xdc</size>
         <input_file_ref idref="fl-2"/>
      </object_component>
      <object_component id="oc-36e">
         <name>.text:Configure_SSI_Science</name>
         <load_address>0x1e1c</load_address>
         <run_address>0x1e1c</run_address>
         <size>0xd0</size>
         <input_file_ref idref="fl-2"/>
      </object_component>
      <object_component id="oc-2da">
         <name>.text:PL_SCIENCE_INT_DISABLE</name>
         <load_address>0x1eec</load_address>
         <run_address>0x1eec</run_address>
         <size>0xc4</size>
         <input_file_ref idref="fl-2"/>
      </object_component>
      <object_component id="oc-270">
         <name>.text:PYLD_SPEED_HIBERNATE_INIT</name>
         <load_address>0x1fb0</load_address>
         <run_address>0x1fb0</run_address>
         <size>0xb4</size>
         <input_file_ref idref="fl-2"/>
      </object_component>
      <object_component id="oc-393">
         <name>.text:InitDMA</name>
         <load_address>0x2064</load_address>
         <run_address>0x2064</run_address>
         <size>0xac</size>
         <input_file_ref idref="fl-2"/>
      </object_component>
      <object_component id="oc-6f">
         <name>.text</name>
         <load_address>0x2110</load_address>
         <run_address>0x2110</run_address>
         <size>0x9c</size>
         <input_file_ref idref="fl-132"/>
      </object_component>
      <object_component id="oc-31f">
         <name>.text:Configure_ADC_SCI</name>
         <load_address>0x21ac</load_address>
         <run_address>0x21ac</run_address>
         <size>0x98</size>
         <input_file_ref idref="fl-2"/>
      </object_component>
      <object_component id="oc-387">
         <name>.text:Configure_DAC</name>
         <load_address>0x2244</load_address>
         <run_address>0x2244</run_address>
         <size>0x90</size>
         <input_file_ref idref="fl-2"/>
      </object_component>
      <object_component id="oc-26a">
         <name>.text:PYLD_SPEED_STANDBY_INIT</name>
         <load_address>0x22d4</load_address>
         <run_address>0x22d4</run_address>
         <size>0x90</size>
         <input_file_ref idref="fl-2"/>
      </object_component>
      <object_component id="oc-1d4">
         <name>.text:uDMAChannelTransferSet</name>
         <load_address>0x2364</load_address>
         <run_address>0x2364</run_address>
         <size>0x84</size>
         <input_file_ref idref="fl-147"/>
      </object_component>
      <object_component id="oc-243">
         <name>.text:GET_HV_VOLTAGE</name>
         <load_address>0x23e8</load_address>
         <run_address>0x23e8</run_address>
         <size>0x80</size>
         <input_file_ref idref="fl-2"/>
      </object_component>
      <object_component id="oc-48">
         <name>.text:SSI0_IntHandler</name>
         <load_address>0x2468</load_address>
         <run_address>0x2468</run_address>
         <size>0x80</size>
         <input_file_ref idref="fl-2"/>
      </object_component>
      <object_component id="oc-362">
         <name>.text:ConfigureI2CSlave</name>
         <load_address>0x24e8</load_address>
         <run_address>0x24e8</run_address>
         <size>0x7c</size>
         <input_file_ref idref="fl-2"/>
      </object_component>
      <object_component id="oc-2ae">
         <name>.text:ADCSequenceStepConfigure</name>
         <load_address>0x2564</load_address>
         <run_address>0x2564</run_address>
         <size>0x7a</size>
         <input_file_ref idref="fl-13d"/>
      </object_component>
      <object_component id="oc-88">
         <name>.text</name>
         <load_address>0x25de</load_address>
         <run_address>0x25de</run_address>
         <size>0x7a</size>
         <input_file_ref idref="fl-133"/>
      </object_component>
      <object_component id="oc-dd">
         <name>.text:DMA_SPI_Transfer_Science</name>
         <load_address>0x2658</load_address>
         <run_address>0x2658</run_address>
         <size>0x78</size>
         <input_file_ref idref="fl-2"/>
      </object_component>
      <object_component id="oc-37b">
         <name>.text:Configure_Analog</name>
         <load_address>0x26d0</load_address>
         <run_address>0x26d0</run_address>
         <size>0x74</size>
         <input_file_ref idref="fl-2"/>
      </object_component>
      <object_component id="oc-9a">
         <name>.text</name>
         <load_address>0x2744</load_address>
         <run_address>0x2744</run_address>
         <size>0x6c</size>
         <input_file_ref idref="fl-13a"/>
      </object_component>
      <object_component id="oc-7b">
         <name>.text</name>
         <load_address>0x27b0</load_address>
         <run_address>0x27b0</run_address>
         <size>0x6a</size>
         <input_file_ref idref="fl-12d"/>
      </object_component>
      <object_component id="oc-20c">
         <name>.text:FlashProgram</name>
         <load_address>0x281c</load_address>
         <run_address>0x281c</run_address>
         <size>0x68</size>
         <input_file_ref idref="fl-13e"/>
      </object_component>
      <object_component id="oc-3ac">
         <name>.text:IntDisable</name>
         <load_address>0x2884</load_address>
         <run_address>0x2884</run_address>
         <size>0x68</size>
         <input_file_ref idref="fl-141"/>
      </object_component>
      <object_component id="oc-1c8">
         <name>.text:IntEnable</name>
         <load_address>0x28ec</load_address>
         <run_address>0x28ec</run_address>
         <size>0x68</size>
         <input_file_ref idref="fl-141"/>
      </object_component>
      <object_component id="oc-224">
         <name>.text:I2C_Write</name>
         <load_address>0x2954</load_address>
         <run_address>0x2954</run_address>
         <size>0x64</size>
         <input_file_ref idref="fl-2"/>
      </object_component>
      <object_component id="oc-4b7">
         <name>.text:TimerConfigure</name>
         <load_address>0x29b8</load_address>
         <run_address>0x29b8</run_address>
         <size>0x60</size>
         <input_file_ref idref="fl-145"/>
      </object_component>
      <object_component id="oc-428">
         <name>.text:UARTStdioConfig</name>
         <load_address>0x2a18</load_address>
         <run_address>0x2a18</run_address>
         <size>0x60</size>
         <input_file_ref idref="fl-4"/>
      </object_component>
      <object_component id="oc-2e6">
         <name>.text:Disable_Analog</name>
         <load_address>0x2a78</load_address>
         <run_address>0x2a78</run_address>
         <size>0x5c</size>
         <input_file_ref idref="fl-2"/>
      </object_component>
      <object_component id="oc-35c">
         <name>.text:ConfigureUART</name>
         <load_address>0x2ad4</load_address>
         <run_address>0x2ad4</run_address>
         <size>0x58</size>
         <input_file_ref idref="fl-2"/>
      </object_component>
      <object_component id="oc-3a0">
         <name>.text:Configure_Science_Timer</name>
         <load_address>0x2b2c</load_address>
         <run_address>0x2b2c</run_address>
         <size>0x58</size>
         <input_file_ref idref="fl-2"/>
      </object_component>
      <object_component id="oc-163">
         <name>.text:DAC_Value_SET</name>
         <load_address>0x2b84</load_address>
         <run_address>0x2b84</run_address>
         <size>0x58</size>
         <input_file_ref idref="fl-2"/>
      </object_component>
      <object_component id="oc-409">
         <name>.text:GPIOIntTypeSet</name>
         <load_address>0x2bdc</load_address>
         <run_address>0x2bdc</run_address>
         <size>0x56</size>
         <input_file_ref idref="fl-13f"/>
      </object_component>
      <object_component id="oc-60">
         <name>.text:HV_Timer_INT_Handler</name>
         <load_address>0x2c34</load_address>
         <run_address>0x2c34</run_address>
         <size>0x54</size>
         <input_file_ref idref="fl-2"/>
      </object_component>
      <object_component id="oc-38d">
         <name>.text:DAC_Config</name>
         <load_address>0x2c88</load_address>
         <run_address>0x2c88</run_address>
         <size>0x50</size>
         <input_file_ref idref="fl-2"/>
      </object_component>
      <object_component id="oc-42f">
         <name>.text:SysCtlPeripheralReset</name>
         <load_address>0x2cd8</load_address>
         <run_address>0x2cd8</run_address>
         <size>0x50</size>
         <input_file_ref idref="fl-143"/>
      </object_component>
      <object_component id="oc-24">
         <name>.text</name>
         <load_address>0x2d28</load_address>
         <run_address>0x2d28</run_address>
         <size>0x50</size>
         <input_file_ref idref="fl-12b"/>
      </object_component>
      <object_component id="oc-264">
         <name>.text:ConfigureWatchdog</name>
         <load_address>0x2d78</load_address>
         <run_address>0x2d78</run_address>
         <size>0x4c</size>
         <input_file_ref idref="fl-2"/>
      </object_component>
      <object_component id="oc-30a">
         <name>.text:Configure_ADC_HV</name>
         <load_address>0x2dc4</load_address>
         <run_address>0x2dc4</run_address>
         <size>0x4c</size>
         <input_file_ref idref="fl-2"/>
      </object_component>
      <object_component id="oc-193">
         <name>.text</name>
         <load_address>0x2e10</load_address>
         <run_address>0x2e10</run_address>
         <size>0x4c</size>
         <input_file_ref idref="fl-13b"/>
      </object_component>
      <object_component id="oc-1fa">
         <name>.text:uc_core_temp</name>
         <load_address>0x2e5c</load_address>
         <run_address>0x2e5c</run_address>
         <size>0x4c</size>
         <input_file_ref idref="fl-2"/>
      </object_component>
      <object_component id="oc-416">
         <name>.text:GPIOPinConfigure</name>
         <load_address>0x2ea8</load_address>
         <run_address>0x2ea8</run_address>
         <size>0x48</size>
         <input_file_ref idref="fl-13f"/>
      </object_component>
      <object_component id="oc-11c">
         <name>.text:IntPendClear</name>
         <load_address>0x2ef0</load_address>
         <run_address>0x2ef0</run_address>
         <size>0x48</size>
         <input_file_ref idref="fl-141"/>
      </object_component>
      <object_component id="oc-295">
         <name>.text:UARTwrite</name>
         <load_address>0x2f38</load_address>
         <run_address>0x2f38</run_address>
         <size>0x48</size>
         <input_file_ref idref="fl-4"/>
      </object_component>
      <object_component id="oc-495">
         <name>.text:uDMAChannelAttributeDisable</name>
         <load_address>0x2f80</load_address>
         <run_address>0x2f80</run_address>
         <size>0x48</size>
         <input_file_ref idref="fl-147"/>
      </object_component>
      <object_component id="oc-49b">
         <name>.text:uDMAChannelAttributeEnable</name>
         <load_address>0x2fc8</load_address>
         <run_address>0x2fc8</run_address>
         <size>0x48</size>
         <input_file_ref idref="fl-147"/>
      </object_component>
      <object_component id="oc-2d3">
         <name>.text:ADCConfigure_TEMP_uC</name>
         <load_address>0x3010</load_address>
         <run_address>0x3010</run_address>
         <size>0x44</size>
         <input_file_ref idref="fl-2"/>
      </object_component>
      <object_component id="oc-a6">
         <name>.text</name>
         <load_address>0x3054</load_address>
         <run_address>0x3054</run_address>
         <size>0x44</size>
         <input_file_ref idref="fl-12f"/>
      </object_component>
      <object_component id="oc-31a">
         <name>.text</name>
         <load_address>0x3098</load_address>
         <run_address>0x3098</run_address>
         <size>0x44</size>
         <input_file_ref idref="fl-131"/>
      </object_component>
      <object_component id="oc-29b">
         <name>.text</name>
         <load_address>0x30dc</load_address>
         <run_address>0x30dc</run_address>
         <size>0x40</size>
         <input_file_ref idref="fl-136"/>
      </object_component>
      <object_component id="oc-3d0">
         <name>.text:ADCSequenceConfigure</name>
         <load_address>0x311c</load_address>
         <run_address>0x311c</run_address>
         <size>0x3e</size>
         <input_file_ref idref="fl-13d"/>
      </object_component>
      <object_component id="oc-fe">
         <name>.text:CRC_16_Calc</name>
         <load_address>0x315a</load_address>
         <run_address>0x315a</run_address>
         <size>0x3c</size>
         <input_file_ref idref="fl-2"/>
      </object_component>
      <object_component id="oc-206">
         <name>.text:FLASH_BUFFER_WRITE</name>
         <load_address>0x3198</load_address>
         <run_address>0x3198</run_address>
         <size>0x3c</size>
         <input_file_ref idref="fl-2"/>
      </object_component>
      <object_component id="oc-468">
         <name>.text:SSIConfigSetExpClk</name>
         <load_address>0x31d4</load_address>
         <run_address>0x31d4</run_address>
         <size>0x3c</size>
         <input_file_ref idref="fl-142"/>
      </object_component>
      <object_component id="oc-54">
         <name>.text:Watchdog0IntHandler</name>
         <load_address>0x3210</load_address>
         <run_address>0x3210</run_address>
         <size>0x3b</size>
         <input_file_ref idref="fl-2"/>
      </object_component>
      <object_component id="oc-110">
         <name>.text:Buffer_Clear</name>
         <load_address>0x324c</load_address>
         <run_address>0x324c</run_address>
         <size>0x38</size>
         <input_file_ref idref="fl-2"/>
      </object_component>
      <object_component id="oc-331">
         <name>.text:SysCtlPeripheralEnable</name>
         <load_address>0x3284</load_address>
         <run_address>0x3284</run_address>
         <size>0x34</size>
         <input_file_ref idref="fl-143"/>
      </object_component>
      <object_component id="oc-2e0">
         <name>.text:Clean_Buffer</name>
         <load_address>0x32b8</load_address>
         <run_address>0x32b8</run_address>
         <size>0x30</size>
         <input_file_ref idref="fl-2"/>
      </object_component>
      <object_component id="oc-ba">
         <name>.text:ADCIntStatus</name>
         <load_address>0x32e8</load_address>
         <run_address>0x32e8</run_address>
         <size>0x2e</size>
         <input_file_ref idref="fl-13d"/>
      </object_component>
      <object_component id="oc-48f">
         <name>.text:uDMAChannelAssign</name>
         <load_address>0x3318</load_address>
         <run_address>0x3318</run_address>
         <size>0x2c</size>
         <input_file_ref idref="fl-147"/>
      </object_component>
      <object_component id="oc-47a">
         <name>.text:GPIODirModeSet</name>
         <load_address>0x3344</load_address>
         <run_address>0x3344</run_address>
         <size>0x2a</size>
         <input_file_ref idref="fl-13f"/>
      </object_component>
      <object_component id="oc-147">
         <name>.text:BLUELED_Blink</name>
         <load_address>0x3370</load_address>
         <run_address>0x3370</run_address>
         <size>0x28</size>
         <input_file_ref idref="fl-2"/>
      </object_component>
      <object_component id="oc-128">
         <name>.text:REDLED_Blink</name>
         <load_address>0x3398</load_address>
         <run_address>0x3398</run_address>
         <size>0x28</size>
         <input_file_ref idref="fl-2"/>
      </object_component>
      <object_component id="oc-3c">
         <name>.text:IntDefaultHandler</name>
         <load_address>0x33c0</load_address>
         <run_address>0x33c0</run_address>
         <size>0x27</size>
         <input_file_ref idref="fl-3"/>
      </object_component>
      <object_component id="oc-4a1">
         <name>.text:uDMAChannelControlSet</name>
         <load_address>0x33e8</load_address>
         <run_address>0x33e8</run_address>
         <size>0x24</size>
         <input_file_ref idref="fl-147"/>
      </object_component>
      <object_component id="oc-36">
         <name>.text:FaultISR</name>
         <load_address>0x340c</load_address>
         <run_address>0x340c</run_address>
         <size>0x20</size>
         <input_file_ref idref="fl-3"/>
      </object_component>
      <object_component id="oc-1f4">
         <name>.text:SPI_Test</name>
         <load_address>0x342c</load_address>
         <run_address>0x342c</run_address>
         <size>0x20</size>
         <input_file_ref idref="fl-2"/>
      </object_component>
      <object_component id="oc-310">
         <name>.text</name>
         <load_address>0x344c</load_address>
         <run_address>0x344c</run_address>
         <size>0x20</size>
         <input_file_ref idref="fl-137"/>
      </object_component>
      <object_component id="oc-2c6">
         <name>.text:ADCSequenceDataGet</name>
         <load_address>0x346c</load_address>
         <run_address>0x346c</run_address>
         <size>0x1e</size>
         <input_file_ref idref="fl-13d"/>
      </object_component>
      <object_component id="oc-b2">
         <name>.text:UARTprintf</name>
         <load_address>0x348a</load_address>
         <run_address>0x348a</run_address>
         <size>0x1a</size>
         <input_file_ref idref="fl-4"/>
      </object_component>
      <object_component id="oc-2ba">
         <name>.text:ADCProcessorTrigger</name>
         <load_address>0x34a4</load_address>
         <run_address>0x34a4</run_address>
         <size>0x18</size>
         <input_file_ref idref="fl-13d"/>
      </object_component>
      <object_component id="oc-381">
         <name>.text:GPIOPinTypeGPIOOutput</name>
         <load_address>0x34bc</load_address>
         <run_address>0x34bc</run_address>
         <size>0x18</size>
         <input_file_ref idref="fl-13f"/>
      </object_component>
      <object_component id="oc-3e3">
         <name>.text:TimerDisable</name>
         <load_address>0x34d4</load_address>
         <run_address>0x34d4</run_address>
         <size>0x18</size>
         <input_file_ref idref="fl-145"/>
      </object_component>
      <object_component id="oc-a0">
         <name>.text</name>
         <load_address>0x34ec</load_address>
         <run_address>0x34ec</run_address>
         <size>0x18</size>
         <input_file_ref idref="fl-139"/>
      </object_component>
      <object_component id="oc-4ad">
         <name>.text:uDMAChannelDisable</name>
         <load_address>0x3504</load_address>
         <run_address>0x3504</run_address>
         <size>0x18</size>
         <input_file_ref idref="fl-147"/>
      </object_component>
      <object_component id="oc-1da">
         <name>.text:uDMAChannelEnable</name>
         <load_address>0x351c</load_address>
         <run_address>0x351c</run_address>
         <size>0x18</size>
         <input_file_ref idref="fl-147"/>
      </object_component>
      <object_component id="oc-1ce">
         <name>.text:uDMAChannelIsEnabled</name>
         <load_address>0x3534</load_address>
         <run_address>0x3534</run_address>
         <size>0x18</size>
         <input_file_ref idref="fl-147"/>
      </object_component>
      <object_component id="oc-4bd">
         <name>.text:TimerControlEvent</name>
         <load_address>0x354c</load_address>
         <run_address>0x354c</run_address>
         <size>0x16</size>
         <input_file_ref idref="fl-145"/>
      </object_component>
      <object_component id="oc-287">
         <name>.text</name>
         <load_address>0x3564</load_address>
         <run_address>0x3564</run_address>
         <size>0x14</size>
         <input_file_ref idref="fl-138"/>
      </object_component>
      <object_component id="oc-403">
         <name>.text:GPIOPinTypeGPIOInput</name>
         <load_address>0x3578</load_address>
         <run_address>0x3578</run_address>
         <size>0x12</size>
         <input_file_ref idref="fl-13f"/>
      </object_component>
      <object_component id="oc-441">
         <name>.text:GPIOPinTypeI2C</name>
         <load_address>0x358a</load_address>
         <run_address>0x358a</run_address>
         <size>0x12</size>
         <input_file_ref idref="fl-13f"/>
      </object_component>
      <object_component id="oc-43b">
         <name>.text:GPIOPinTypeI2CSCL</name>
         <load_address>0x359c</load_address>
         <run_address>0x359c</run_address>
         <size>0x12</size>
         <input_file_ref idref="fl-13f"/>
      </object_component>
      <object_component id="oc-462">
         <name>.text:GPIOPinTypeSSI</name>
         <load_address>0x35ae</load_address>
         <run_address>0x35ae</run_address>
         <size>0x12</size>
         <input_file_ref idref="fl-13f"/>
      </object_component>
      <object_component id="oc-4c3">
         <name>.text:GPIOPinTypeTimer</name>
         <load_address>0x35c0</load_address>
         <run_address>0x35c0</run_address>
         <size>0x12</size>
         <input_file_ref idref="fl-13f"/>
      </object_component>
      <object_component id="oc-41c">
         <name>.text:GPIOPinTypeUART</name>
         <load_address>0x35d2</load_address>
         <run_address>0x35d2</run_address>
         <size>0x12</size>
         <input_file_ref idref="fl-13f"/>
      </object_component>
      <object_component id="oc-4d0">
         <name>.text:TimerLoadSet</name>
         <load_address>0x35e4</load_address>
         <run_address>0x35e4</run_address>
         <size>0x12</size>
         <input_file_ref idref="fl-145"/>
      </object_component>
      <object_component id="oc-453">
         <name>.text:I2CSlaveEnable</name>
         <load_address>0x35f6</load_address>
         <run_address>0x35f6</run_address>
         <size>0x10</size>
         <input_file_ref idref="fl-140"/>
      </object_component>
      <object_component id="oc-44d">
         <name>.text:IntMasterEnable</name>
         <load_address>0x3606</load_address>
         <run_address>0x3606</run_address>
         <size>0x10</size>
         <input_file_ref idref="fl-141"/>
      </object_component>
      <object_component id="oc-1ee">
         <name>.text:Reset</name>
         <load_address>0x3618</load_address>
         <run_address>0x3618</run_address>
         <size>0x10</size>
         <input_file_ref idref="fl-2"/>
      </object_component>
      <object_component id="oc-368">
         <name>.text:SysTickPeriodSet</name>
         <load_address>0x3628</load_address>
         <run_address>0x3628</run_address>
         <size>0x10</size>
         <input_file_ref idref="fl-144"/>
      </object_component>
      <object_component id="oc-483">
         <name>.text:uDMAEnable</name>
         <load_address>0x3638</load_address>
         <run_address>0x3638</run_address>
         <size>0x10</size>
         <input_file_ref idref="fl-147"/>
      </object_component>
      <object_component id="oc-2b4">
         <name>.text:ADCHardwareOversampleConfigure</name>
         <load_address>0x3648</load_address>
         <run_address>0x3648</run_address>
         <size>0xe</size>
         <input_file_ref idref="fl-13d"/>
      </object_component>
      <object_component id="oc-3d6">
         <name>.text:ADCSequenceEnable</name>
         <load_address>0x3656</load_address>
         <run_address>0x3656</run_address>
         <size>0xe</size>
         <input_file_ref idref="fl-13d"/>
      </object_component>
      <object_component id="oc-3a6">
         <name>.text:GPIOIntDisable</name>
         <load_address>0x3664</load_address>
         <run_address>0x3664</run_address>
         <size>0xe</size>
         <input_file_ref idref="fl-13f"/>
      </object_component>
      <object_component id="oc-459">
         <name>.text:I2CSlaveInit</name>
         <load_address>0x3672</load_address>
         <run_address>0x3672</run_address>
         <size>0xe</size>
         <input_file_ref idref="fl-140"/>
      </object_component>
      <object_component id="oc-4c9">
         <name>.text:TimerEnable</name>
         <load_address>0x3680</load_address>
         <run_address>0x3680</run_address>
         <size>0xe</size>
         <input_file_ref idref="fl-145"/>
      </object_component>
      <object_component id="oc-12">
         <name>.text:decompress:none</name>
         <load_address>0x368e</load_address>
         <run_address>0x368e</run_address>
         <size>0xe</size>
         <input_file_ref idref="fl-12c"/>
      </object_component>
      <object_component id="oc-4fb">
         <name>.text:CPUcpsie</name>
         <load_address>0x369c</load_address>
         <run_address>0x369c</run_address>
         <size>0xc</size>
         <input_file_ref idref="fl-149"/>
      </object_component>
      <object_component id="oc-40f">
         <name>.text:GPIOIntEnable</name>
         <load_address>0x36a8</load_address>
         <run_address>0x36a8</run_address>
         <size>0xc</size>
         <input_file_ref idref="fl-13f"/>
      </object_component>
      <object_component id="oc-447">
         <name>.text:I2CSlaveIntEnableEx</name>
         <load_address>0x36b4</load_address>
         <run_address>0x36b4</run_address>
         <size>0xc</size>
         <input_file_ref idref="fl-140"/>
      </object_component>
      <object_component id="oc-337">
         <name>.text:WatchdogUnlock</name>
         <load_address>0x36c0</load_address>
         <run_address>0x36c0</run_address>
         <size>0xc</size>
         <input_file_ref idref="fl-148"/>
      </object_component>
      <object_component id="oc-1e">
         <name>.text:decompress:ZI</name>
         <load_address>0x36cc</load_address>
         <run_address>0x36cc</run_address>
         <size>0xc</size>
         <input_file_ref idref="fl-12e"/>
      </object_component>
      <object_component id="oc-489">
         <name>.text:uDMAControlBaseSet</name>
         <load_address>0x36d8</load_address>
         <run_address>0x36d8</run_address>
         <size>0xc</size>
         <input_file_ref idref="fl-147"/>
      </object_component>
      <object_component id="oc-2c0">
         <name>.text:ADCIntClear</name>
         <load_address>0x36e4</load_address>
         <run_address>0x36e4</run_address>
         <size>0xa</size>
         <input_file_ref idref="fl-13d"/>
      </object_component>
      <object_component id="oc-14d">
         <name>.text:SSIDataPut</name>
         <load_address>0x36ee</load_address>
         <run_address>0x36ee</run_address>
         <size>0xa</size>
         <input_file_ref idref="fl-142"/>
      </object_component>
      <object_component id="oc-46e">
         <name>.text:SSIEnable</name>
         <load_address>0x36f8</load_address>
         <run_address>0x36f8</run_address>
         <size>0xa</size>
         <input_file_ref idref="fl-142"/>
      </object_component>
      <object_component id="oc-d0">
         <name>.text:SSIIntStatus</name>
         <load_address>0x3702</load_address>
         <run_address>0x3702</run_address>
         <size>0xa</size>
         <input_file_ref idref="fl-142"/>
      </object_component>
      <object_component id="oc-3dd">
         <name>.text:TimerIntDisable</name>
         <load_address>0x370c</load_address>
         <run_address>0x370c</run_address>
         <size>0xa</size>
         <input_file_ref idref="fl-145"/>
      </object_component>
      <object_component id="oc-13b">
         <name>.text:TimerValueGet</name>
         <load_address>0x3716</load_address>
         <run_address>0x3716</run_address>
         <size>0xa</size>
         <input_file_ref idref="fl-145"/>
      </object_component>
      <object_component id="oc-349">
         <name>.text:WatchdogEnable</name>
         <load_address>0x3720</load_address>
         <run_address>0x3720</run_address>
         <size>0xa</size>
         <input_file_ref idref="fl-148"/>
      </object_component>
      <object_component id="oc-343">
         <name>.text:WatchdogResetEnable</name>
         <load_address>0x372a</load_address>
         <run_address>0x372a</run_address>
         <size>0xa</size>
         <input_file_ref idref="fl-148"/>
      </object_component>
      <object_component id="oc-ec">
         <name>.text:I2CSlaveIntClear</name>
         <load_address>0x3734</load_address>
         <run_address>0x3734</run_address>
         <size>0x8</size>
         <input_file_ref idref="fl-140"/>
      </object_component>
      <object_component id="oc-153">
         <name>.text:SSIBusy</name>
         <load_address>0x373c</load_address>
         <run_address>0x373c</run_address>
         <size>0x8</size>
         <input_file_ref idref="fl-142"/>
      </object_component>
      <object_component id="oc-4a7">
         <name>.text:SSIDMAEnable</name>
         <load_address>0x3744</load_address>
         <run_address>0x3744</run_address>
         <size>0x8</size>
         <input_file_ref idref="fl-142"/>
      </object_component>
      <object_component id="oc-4d6">
         <name>.text:TimerIntEnable</name>
         <load_address>0x374c</load_address>
         <run_address>0x374c</run_address>
         <size>0x8</size>
         <input_file_ref idref="fl-145"/>
      </object_component>
      <object_component id="oc-34f">
         <name>.text:WatchdogLock</name>
         <load_address>0x3754</load_address>
         <run_address>0x3754</run_address>
         <size>0x8</size>
         <input_file_ref idref="fl-148"/>
      </object_component>
      <object_component id="oc-15d">
         <name>.text:GPIOPinRead</name>
         <load_address>0x375c</load_address>
         <run_address>0x375c</run_address>
         <size>0x6</size>
         <input_file_ref idref="fl-13f"/>
      </object_component>
      <object_component id="oc-141">
         <name>.text:GPIOPinWrite</name>
         <load_address>0x3762</load_address>
         <run_address>0x3762</run_address>
         <size>0x6</size>
         <input_file_ref idref="fl-13f"/>
      </object_component>
      <object_component id="oc-f8">
         <name>.text:I2CSlaveDataGet</name>
         <load_address>0x3768</load_address>
         <run_address>0x3768</run_address>
         <size>0x6</size>
         <input_file_ref idref="fl-140"/>
      </object_component>
      <object_component id="oc-2f8">
         <name>.text:I2CSlaveDataPut</name>
         <load_address>0x376e</load_address>
         <run_address>0x376e</run_address>
         <size>0x6</size>
         <input_file_ref idref="fl-140"/>
      </object_component>
      <object_component id="oc-116">
         <name>.text:I2CSlaveIntClearEx</name>
         <load_address>0x3774</load_address>
         <run_address>0x3774</run_address>
         <size>0x6</size>
         <input_file_ref idref="fl-140"/>
      </object_component>
      <object_component id="oc-f2">
         <name>.text:I2CSlaveStatus</name>
         <load_address>0x377a</load_address>
         <run_address>0x377a</run_address>
         <size>0x6</size>
         <input_file_ref idref="fl-140"/>
      </object_component>
      <object_component id="oc-2a">
         <name>.text:ResetISR</name>
         <load_address>0x3780</load_address>
         <run_address>0x3780</run_address>
         <size>0x6</size>
         <input_file_ref idref="fl-3"/>
      </object_component>
      <object_component id="oc-dc">
         <name>.text:SysCtlDelay</name>
         <load_address>0x3786</load_address>
         <run_address>0x3786</run_address>
         <size>0x6</size>
         <input_file_ref idref="fl-143"/>
      </object_component>
      <object_component id="oc-422">
         <name>.text:UARTClockSourceSet</name>
         <load_address>0x378c</load_address>
         <run_address>0x378c</run_address>
         <size>0x6</size>
         <input_file_ref idref="fl-146"/>
      </object_component>
      <object_component id="oc-249">
         <name>.text:WatchdogIntClear</name>
         <load_address>0x3792</load_address>
         <run_address>0x3792</run_address>
         <size>0x6</size>
         <input_file_ref idref="fl-148"/>
      </object_component>
      <object_component id="oc-18">
         <name>.text:decompress:rle24</name>
         <load_address>0x3798</load_address>
         <run_address>0x3798</run_address>
         <size>0x6</size>
         <input_file_ref idref="fl-12d"/>
      </object_component>
      <object_component id="oc-d6">
         <name>.text:SSIIntClear</name>
         <load_address>0x379e</load_address>
         <run_address>0x379e</run_address>
         <size>0x4</size>
         <input_file_ref idref="fl-142"/>
      </object_component>
      <object_component id="oc-135">
         <name>.text:TimerIntClear</name>
         <load_address>0x37a2</load_address>
         <run_address>0x37a2</run_address>
         <size>0x4</size>
         <input_file_ref idref="fl-145"/>
      </object_component>
      <object_component id="oc-33d">
         <name>.text:WatchdogReloadSet</name>
         <load_address>0x37a6</load_address>
         <run_address>0x37a6</run_address>
         <size>0x4</size>
         <input_file_ref idref="fl-148"/>
      </object_component>
      <object_component id="oc-94">
         <name>.text</name>
         <load_address>0x37aa</load_address>
         <run_address>0x37aa</run_address>
         <size>0x4</size>
         <input_file_ref idref="fl-134"/>
      </object_component>
      <object_component id="oc-4eb">
         <name>.const:g_pui32GPIOBaseAddrs</name>
         <load_address>0x37b0</load_address>
         <run_address>0x37b0</run_address>
         <size>0x90</size>
         <input_file_ref idref="fl-13f"/>
      </object_component>
      <object_component id="oc-22d">
         <name>.const</name>
         <load_address>0x3840</load_address>
         <run_address>0x3840</run_address>
         <size>0x70</size>
         <input_file_ref idref="fl-141"/>
      </object_component>
      <object_component id="oc-235">
         <name>.const:g_pui32Xtals</name>
         <load_address>0x38b0</load_address>
         <run_address>0x38b0</run_address>
         <size>0x6c</size>
         <input_file_ref idref="fl-143"/>
      </object_component>
      <object_component id="oc-4f2">
         <name>.const</name>
         <load_address>0x391c</load_address>
         <run_address>0x391c</run_address>
         <size>0x1c</size>
         <input_file_ref idref="fl-4"/>
      </object_component>
      <object_component id="oc-51e">
         <name>.const:.string</name>
         <load_address>0x3938</load_address>
         <run_address>0x3938</run_address>
         <size>0x12</size>
         <input_file_ref idref="fl-4"/>
      </object_component>
      <object_component id="oc-545">
         <name>.cinit..data.load</name>
         <load_address>0x3950</load_address>
         <run_address>0x3950</run_address>
         <size>0x31</size>
      </object_component>
      <object_component id="oc-543">
         <name>__TI_handler_table</name>
         <load_address>0x3984</load_address>
         <run_address>0x3984</run_address>
         <size>0xc</size>
      </object_component>
      <object_component id="oc-546">
         <name>.cinit..bss.load</name>
         <load_address>0x3990</load_address>
         <run_address>0x3990</run_address>
         <size>0x8</size>
      </object_component>
      <object_component id="oc-544">
         <name>__TI_cinit_table</name>
         <load_address>0x3998</load_address>
         <run_address>0x3998</run_address>
         <size>0x10</size>
      </object_component>
      <object_component id="oc-29">
         <name>.stack</name>
         <uninitialized>true</uninitialized>
         <run_address>0x20004000</run_address>
         <size>0x0</size>
         <input_file_ref idref="fl-12b"/>
      </object_component>
      <object_component id="oc-547">
         <name>.stack</name>
         <uninitialized>true</uninitialized>
         <run_address>0x20004000</run_address>
         <size>0x0</size>
      </object_component>
      <object_component id="oc-4b3">
         <name>.bss:ui8ControlTable</name>
         <uninitialized>true</uninitialized>
         <run_address>0x20003c00</run_address>
         <size>0x400</size>
         <input_file_ref idref="fl-2"/>
      </object_component>
      <object_component id="oc-374">
         <name>.bss:buffer1</name>
         <uninitialized>true</uninitialized>
         <run_address>0x20000000</run_address>
         <size>0x1a40</size>
         <input_file_ref idref="fl-2"/>
      </object_component>
      <object_component id="oc-377">
         <name>.bss:buffer2</name>
         <uninitialized>true</uninitialized>
         <run_address>0x20001a40</run_address>
         <size>0x1a40</size>
         <input_file_ref idref="fl-2"/>
      </object_component>
      <object_component id="oc-122">
         <name>.bss:g_ui32DataRx</name>
         <uninitialized>true</uninitialized>
         <run_address>0x2000390c</run_address>
         <size>0x8c</size>
         <input_file_ref idref="fl-2"/>
      </object_component>
      <object_component id="oc-21d">
         <name>.bss:g_ui32DataTx</name>
         <uninitialized>true</uninitialized>
         <run_address>0x20003998</run_address>
         <size>0x8c</size>
         <input_file_ref idref="fl-2"/>
      </object_component>
      <object_component id="oc-220">
         <name>.bss:FLSH_WR</name>
         <uninitialized>true</uninitialized>
         <run_address>0x20003480</run_address>
         <size>0x400</size>
         <input_file_ref idref="fl-2"/>
      </object_component>
      <object_component id="oc-219">
         <name>.bss:BF</name>
         <uninitialized>true</uninitialized>
         <run_address>0x20003a24</run_address>
         <size>0x28</size>
         <input_file_ref idref="fl-2"/>
      </object_component>
      <object_component id="oc-214">
         <name>.bss:Data</name>
         <uninitialized>true</uninitialized>
         <run_address>0x20003880</run_address>
         <size>0x8c</size>
         <input_file_ref idref="fl-2"/>
      </object_component>
      <object_component id="oc-325">
         <name>.common:ADC_VALUE</name>
         <uninitialized>true</uninitialized>
         <run_address>0x20003a64</run_address>
         <size>0x4</size>
      </object_component>
      <object_component id="oc-15b">
         <name>.common:packet_sequence_count</name>
         <uninitialized>true</uninitialized>
         <run_address>0x20003aa4</run_address>
         <size>0x2</size>
      </object_component>
      <object_component id="oc-c7">
         <name>.common:frame</name>
         <uninitialized>true</uninitialized>
         <run_address>0x20003ab0</run_address>
         <size>0x1</size>
      </object_component>
      <object_component id="oc-c4">
         <name>.common:anticoincidence</name>
         <uninitialized>true</uninitialized>
         <run_address>0x20003a74</run_address>
         <size>0x4</size>
      </object_component>
      <object_component id="oc-ce">
         <name>.common:coincidence</name>
         <uninitialized>true</uninitialized>
         <run_address>0x20003a78</run_address>
         <size>0x4</size>
      </object_component>
      <object_component id="oc-c5">
         <name>.common:ulADC0_Value</name>
         <uninitialized>true</uninitialized>
         <run_address>0x20003aa6</run_address>
         <size>0x2</size>
      </object_component>
      <object_component id="oc-c6">
         <name>.common:ulADC1_Value</name>
         <uninitialized>true</uninitialized>
         <run_address>0x20003aa8</run_address>
         <size>0x2</size>
      </object_component>
      <object_component id="oc-ca">
         <name>.common:x</name>
         <uninitialized>true</uninitialized>
         <run_address>0x20003ab8</run_address>
         <size>0x1</size>
      </object_component>
      <object_component id="oc-cb">
         <name>.common:y</name>
         <uninitialized>true</uninitialized>
         <run_address>0x20003ab9</run_address>
         <size>0x1</size>
      </object_component>
      <object_component id="oc-cc">
         <name>.common:temp</name>
         <uninitialized>true</uninitialized>
         <run_address>0x20003ab6</run_address>
         <size>0x1</size>
      </object_component>
      <object_component id="oc-159">
         <name>.common:trial</name>
         <uninitialized>true</uninitialized>
         <run_address>0x20003a94</run_address>
         <size>0x4</size>
      </object_component>
      <object_component id="oc-cd">
         <name>.common:trial2</name>
         <uninitialized>true</uninitialized>
         <run_address>0x20003a98</run_address>
         <size>0x4</size>
      </object_component>
      <object_component id="oc-c9">
         <name>.common:science_data_mode</name>
         <uninitialized>true</uninitialized>
         <run_address>0x20003ab5</run_address>
         <size>0x1</size>
      </object_component>
      <object_component id="oc-15a">
         <name>.common:fast_counts</name>
         <uninitialized>true</uninitialized>
         <run_address>0x20003a7c</run_address>
         <size>0x4</size>
      </object_component>
      <object_component id="oc-e4">
         <name>.common:transfer</name>
         <uninitialized>true</uninitialized>
         <run_address>0x20003ab7</run_address>
         <size>0x1</size>
      </object_component>
      <object_component id="oc-c8">
         <name>.common:ptr1</name>
         <uninitialized>true</uninitialized>
         <run_address>0x20003a88</run_address>
         <size>0x4</size>
      </object_component>
      <object_component id="oc-ea">
         <name>.common:ptr2</name>
         <uninitialized>true</uninitialized>
         <run_address>0x20003a8c</run_address>
         <size>0x4</size>
      </object_component>
      <object_component id="oc-27c">
         <name>.common:pyld_status</name>
         <uninitialized>true</uninitialized>
         <run_address>0x20003ab4</run_address>
         <size>0x1</size>
      </object_component>
      <object_component id="oc-e5">
         <name>.common:SPI</name>
         <uninitialized>true</uninitialized>
         <run_address>0x20003aac</run_address>
         <size>0x1</size>
      </object_component>
      <object_component id="oc-27e">
         <name>.common:loop_counter</name>
         <uninitialized>true</uninitialized>
         <run_address>0x20003a80</run_address>
         <size>0x4</size>
      </object_component>
      <object_component id="oc-21c">
         <name>.common:mode_change</name>
         <uninitialized>true</uninitialized>
         <run_address>0x20003ab2</run_address>
         <size>0x1</size>
      </object_component>
      <object_component id="oc-170">
         <name>.common:high_voltage</name>
         <uninitialized>true</uninitialized>
         <run_address>0x20003aa0</run_address>
         <size>0x2</size>
      </object_component>
      <object_component id="oc-27d">
         <name>.common:low_voltage</name>
         <uninitialized>true</uninitialized>
         <run_address>0x20003aa2</run_address>
         <size>0x2</size>
      </object_component>
      <object_component id="oc-218">
         <name>.common:Command</name>
         <uninitialized>true</uninitialized>
         <run_address>0x20003aaa</run_address>
         <size>0x1</size>
      </object_component>
      <object_component id="oc-212">
         <name>.common:TCPSC</name>
         <uninitialized>true</uninitialized>
         <run_address>0x20003aae</run_address>
         <size>0x1</size>
      </object_component>
      <object_component id="oc-213">
         <name>.common:Service</name>
         <uninitialized>true</uninitialized>
         <run_address>0x20003aad</run_address>
         <size>0x1</size>
      </object_component>
      <object_component id="oc-2d1">
         <name>.common:pui32DataTx</name>
         <uninitialized>true</uninitialized>
         <run_address>0x20003a58</run_address>
         <size>0xc</size>
      </object_component>
      <object_component id="oc-2d0">
         <name>.common:pui32DataRx</name>
         <uninitialized>true</uninitialized>
         <run_address>0x20003a4c</run_address>
         <size>0xc</size>
      </object_component>
      <object_component id="oc-126">
         <name>.common:pia</name>
         <uninitialized>true</uninitialized>
         <run_address>0x20003a84</run_address>
         <size>0x4</size>
      </object_component>
      <object_component id="oc-217">
         <name>.common:siv</name>
         <uninitialized>true</uninitialized>
         <run_address>0x20003a90</run_address>
         <size>0x4</size>
      </object_component>
      <object_component id="oc-125">
         <name>.common:I2C_FLAG</name>
         <uninitialized>true</uninitialized>
         <run_address>0x20003a68</run_address>
         <size>0x4</size>
      </object_component>
      <object_component id="oc-2cc">
         <name>.common:TP</name>
         <uninitialized>true</uninitialized>
         <run_address>0x20003a6c</run_address>
         <size>0x4</size>
      </object_component>
      <object_component id="oc-2cd">
         <name>.common:TP1</name>
         <uninitialized>true</uninitialized>
         <run_address>0x20003a70</run_address>
         <size>0x4</size>
      </object_component>
      <object_component id="oc-16f">
         <name>.common:OVC_State</name>
         <uninitialized>true</uninitialized>
         <run_address>0x20003aab</run_address>
         <size>0x1</size>
      </object_component>
      <object_component id="oc-e3">
         <name>.common:ui32Status</name>
         <uninitialized>true</uninitialized>
         <run_address>0x20003a9c</run_address>
         <size>0x4</size>
      </object_component>
      <object_component id="oc-e6">
         <name>.common:j</name>
         <uninitialized>true</uninitialized>
         <run_address>0x20003ab1</run_address>
         <size>0x1</size>
      </object_component>
      <object_component id="oc-c0">
         <name>.common:prev_coincidence</name>
         <uninitialized>true</uninitialized>
         <run_address>0x20003ab3</run_address>
         <size>0x1</size>
      </object_component>
      <object_component id="oc-c3">
         <name>.common:flag1</name>
         <uninitialized>true</uninitialized>
         <run_address>0x20003aaf</run_address>
         <size>0x1</size>
      </object_component>
      <object_component id="oc-e7">
         <name>.data</name>
         <load_address>0x20004200</load_address>
         <run_address>0x20004200</run_address>
         <size>0x4b</size>
         <input_file_ref idref="fl-2"/>
      </object_component>
      <object_component id="oc-3b6">
         <name>.data</name>
         <load_address>0x2000425c</load_address>
         <run_address>0x2000425c</run_address>
         <size>0x5</size>
         <input_file_ref idref="fl-4"/>
      </object_component>
      <object_component id="oc-1a6">
         <name>.data</name>
         <load_address>0x20004254</load_address>
         <run_address>0x20004254</run_address>
         <size>0x8</size>
         <input_file_ref idref="fl-12f"/>
      </object_component>
      <object_component id="oc-ac">
         <name>.data</name>
         <load_address>0x20004264</load_address>
         <run_address>0x20004264</run_address>
         <size>0x4</size>
         <input_file_ref idref="fl-135"/>
      </object_component>
      <object_component id="oc-1a3">
         <name>.data</name>
         <load_address>0x2000424c</load_address>
         <run_address>0x2000424c</run_address>
         <size>0x8</size>
         <input_file_ref idref="fl-138"/>
      </object_component>
      <object_component id="oc-c1">
         <name>.debug_info</name>
         <load_address>0x0</load_address>
         <run_address>0x0</run_address>
         <size>0x177c</size>
         <input_file_ref idref="fl-2"/>
      </object_component>
      <object_component id="oc-e8">
         <name>.debug_info</name>
         <load_address>0x177c</load_address>
         <run_address>0x177c</run_address>
         <size>0x495</size>
         <input_file_ref idref="fl-2"/>
      </object_component>
      <object_component id="oc-4b4">
         <name>.debug_info</name>
         <load_address>0x1c11</load_address>
         <run_address>0x1c11</run_address>
         <size>0xd3</size>
         <input_file_ref idref="fl-2"/>
      </object_component>
      <object_component id="oc-375">
         <name>.debug_info</name>
         <load_address>0x1ce4</load_address>
         <run_address>0x1ce4</run_address>
         <size>0xc3</size>
         <input_file_ref idref="fl-2"/>
      </object_component>
      <object_component id="oc-378">
         <name>.debug_info</name>
         <load_address>0x1da7</load_address>
         <run_address>0x1da7</run_address>
         <size>0xc3</size>
         <input_file_ref idref="fl-2"/>
      </object_component>
      <object_component id="oc-123">
         <name>.debug_info</name>
         <load_address>0x1e6a</load_address>
         <run_address>0x1e6a</run_address>
         <size>0xcd</size>
         <input_file_ref idref="fl-2"/>
      </object_component>
      <object_component id="oc-21e">
         <name>.debug_info</name>
         <load_address>0x1f37</load_address>
         <run_address>0x1f37</run_address>
         <size>0xcd</size>
         <input_file_ref idref="fl-2"/>
      </object_component>
      <object_component id="oc-221">
         <name>.debug_info</name>
         <load_address>0x2004</load_address>
         <run_address>0x2004</run_address>
         <size>0xc3</size>
         <input_file_ref idref="fl-2"/>
      </object_component>
      <object_component id="oc-21a">
         <name>.debug_info</name>
         <load_address>0x20c7</load_address>
         <run_address>0x20c7</run_address>
         <size>0xb9</size>
         <input_file_ref idref="fl-2"/>
      </object_component>
      <object_component id="oc-215">
         <name>.debug_info</name>
         <load_address>0x2180</load_address>
         <run_address>0x2180</run_address>
         <size>0xbd</size>
         <input_file_ref idref="fl-2"/>
      </object_component>
      <object_component id="oc-2d4">
         <name>.debug_info</name>
         <load_address>0x223d</load_address>
         <run_address>0x223d</run_address>
         <size>0x19b</size>
         <input_file_ref idref="fl-2"/>
      </object_component>
      <object_component id="oc-1fb">
         <name>.debug_info</name>
         <load_address>0x23d8</load_address>
         <run_address>0x23d8</run_address>
         <size>0x195</size>
         <input_file_ref idref="fl-2"/>
      </object_component>
      <object_component id="oc-265">
         <name>.debug_info</name>
         <load_address>0x256d</load_address>
         <run_address>0x256d</run_address>
         <size>0x1aa</size>
         <input_file_ref idref="fl-2"/>
      </object_component>
      <object_component id="oc-2db">
         <name>.debug_info</name>
         <load_address>0x2717</load_address>
         <run_address>0x2717</run_address>
         <size>0x1fe</size>
         <input_file_ref idref="fl-2"/>
      </object_component>
      <object_component id="oc-30b">
         <name>.debug_info</name>
         <load_address>0x2915</load_address>
         <run_address>0x2915</run_address>
         <size>0x1c4</size>
         <input_file_ref idref="fl-2"/>
      </object_component>
      <object_component id="oc-320">
         <name>.debug_info</name>
         <load_address>0x2ad9</load_address>
         <run_address>0x2ad9</run_address>
         <size>0x27e</size>
         <input_file_ref idref="fl-2"/>
      </object_component>
      <object_component id="oc-244">
         <name>.debug_info</name>
         <load_address>0x2d57</load_address>
         <run_address>0x2d57</run_address>
         <size>0x21c</size>
         <input_file_ref idref="fl-2"/>
      </object_component>
      <object_component id="oc-148">
         <name>.debug_info</name>
         <load_address>0x2f73</load_address>
         <run_address>0x2f73</run_address>
         <size>0x13e</size>
         <input_file_ref idref="fl-2"/>
      </object_component>
      <object_component id="oc-164">
         <name>.debug_info</name>
         <load_address>0x30b1</load_address>
         <run_address>0x30b1</run_address>
         <size>0x1cc</size>
         <input_file_ref idref="fl-2"/>
      </object_component>
      <object_component id="oc-16a">
         <name>.debug_info</name>
         <load_address>0x327d</load_address>
         <run_address>0x327d</run_address>
         <size>0x2c4</size>
         <input_file_ref idref="fl-2"/>
      </object_component>
      <object_component id="oc-2e1">
         <name>.debug_info</name>
         <load_address>0x3541</load_address>
         <run_address>0x3541</run_address>
         <size>0x104</size>
         <input_file_ref idref="fl-2"/>
      </object_component>
      <object_component id="oc-2e7">
         <name>.debug_info</name>
         <load_address>0x3645</load_address>
         <run_address>0x3645</run_address>
         <size>0x176</size>
         <input_file_ref idref="fl-2"/>
      </object_component>
      <object_component id="oc-201">
         <name>.debug_info</name>
         <load_address>0x37bb</load_address>
         <run_address>0x37bb</run_address>
         <size>0x22b</size>
         <input_file_ref idref="fl-2"/>
      </object_component>
      <object_component id="oc-357">
         <name>.debug_info</name>
         <load_address>0x39e6</load_address>
         <run_address>0x39e6</run_address>
         <size>0x4a1</size>
         <input_file_ref idref="fl-2"/>
      </object_component>
      <object_component id="oc-35d">
         <name>.debug_info</name>
         <load_address>0x3e87</load_address>
         <run_address>0x3e87</run_address>
         <size>0x1b3</size>
         <input_file_ref idref="fl-2"/>
      </object_component>
      <object_component id="oc-363">
         <name>.debug_info</name>
         <load_address>0x403a</load_address>
         <run_address>0x403a</run_address>
         <size>0x23e</size>
         <input_file_ref idref="fl-2"/>
      </object_component>
      <object_component id="oc-36f">
         <name>.debug_info</name>
         <load_address>0x4278</load_address>
         <run_address>0x4278</run_address>
         <size>0x2bd</size>
         <input_file_ref idref="fl-2"/>
      </object_component>
      <object_component id="oc-26b">
         <name>.debug_info</name>
         <load_address>0x4535</load_address>
         <run_address>0x4535</run_address>
         <size>0x1bc</size>
         <input_file_ref idref="fl-2"/>
      </object_component>
      <object_component id="oc-37c">
         <name>.debug_info</name>
         <load_address>0x46f1</load_address>
         <run_address>0x46f1</run_address>
         <size>0x1c5</size>
         <input_file_ref idref="fl-2"/>
      </object_component>
      <object_component id="oc-388">
         <name>.debug_info</name>
         <load_address>0x48b6</load_address>
         <run_address>0x48b6</run_address>
         <size>0x228</size>
         <input_file_ref idref="fl-2"/>
      </object_component>
      <object_component id="oc-38e">
         <name>.debug_info</name>
         <load_address>0x4ade</load_address>
         <run_address>0x4ade</run_address>
         <size>0x16b</size>
         <input_file_ref idref="fl-2"/>
      </object_component>
      <object_component id="oc-394">
         <name>.debug_info</name>
         <load_address>0x4c49</load_address>
         <run_address>0x4c49</run_address>
         <size>0x2f0</size>
         <input_file_ref idref="fl-2"/>
      </object_component>
      <object_component id="oc-271">
         <name>.debug_info</name>
         <load_address>0x4f39</load_address>
         <run_address>0x4f39</run_address>
         <size>0x269</size>
         <input_file_ref idref="fl-2"/>
      </object_component>
      <object_component id="oc-39b">
         <name>.debug_info</name>
         <load_address>0x51a2</load_address>
         <run_address>0x51a2</run_address>
         <size>0x2f3</size>
         <input_file_ref idref="fl-2"/>
      </object_component>
      <object_component id="oc-3a1">
         <name>.debug_info</name>
         <load_address>0x5495</load_address>
         <run_address>0x5495</run_address>
         <size>0x1e5</size>
         <input_file_ref idref="fl-2"/>
      </object_component>
      <object_component id="oc-277">
         <name>.debug_info</name>
         <load_address>0x567a</load_address>
         <run_address>0x567a</run_address>
         <size>0x337</size>
         <input_file_ref idref="fl-2"/>
      </object_component>
      <object_component id="oc-19c">
         <name>.debug_info</name>
         <load_address>0x59b1</load_address>
         <run_address>0x59b1</run_address>
         <size>0x23d</size>
         <input_file_ref idref="fl-2"/>
      </object_component>
      <object_component id="oc-67">
         <name>.debug_info</name>
         <load_address>0x5bee</load_address>
         <run_address>0x5bee</run_address>
         <size>0x13b</size>
         <input_file_ref idref="fl-2"/>
      </object_component>
      <object_component id="oc-129">
         <name>.debug_info</name>
         <load_address>0x5d29</load_address>
         <run_address>0x5d29</run_address>
         <size>0x13c</size>
         <input_file_ref idref="fl-2"/>
      </object_component>
      <object_component id="oc-55">
         <name>.debug_info</name>
         <load_address>0x5e65</load_address>
         <run_address>0x5e65</run_address>
         <size>0x148</size>
         <input_file_ref idref="fl-2"/>
      </object_component>
      <object_component id="oc-de">
         <name>.debug_info</name>
         <load_address>0x5fad</load_address>
         <run_address>0x5fad</run_address>
         <size>0x1e3</size>
         <input_file_ref idref="fl-2"/>
      </object_component>
      <object_component id="oc-49">
         <name>.debug_info</name>
         <load_address>0x6190</load_address>
         <run_address>0x6190</run_address>
         <size>0x157</size>
         <input_file_ref idref="fl-2"/>
      </object_component>
      <object_component id="oc-1f5">
         <name>.debug_info</name>
         <load_address>0x62e7</load_address>
         <run_address>0x62e7</run_address>
         <size>0xfc</size>
         <input_file_ref idref="fl-2"/>
      </object_component>
      <object_component id="oc-5b">
         <name>.debug_info</name>
         <load_address>0x63e3</load_address>
         <run_address>0x63e3</run_address>
         <size>0x22c</size>
         <input_file_ref idref="fl-2"/>
      </object_component>
      <object_component id="oc-1ef">
         <name>.debug_info</name>
         <load_address>0x660f</load_address>
         <run_address>0x660f</run_address>
         <size>0xea</size>
         <input_file_ref idref="fl-2"/>
      </object_component>
      <object_component id="oc-225">
         <name>.debug_info</name>
         <load_address>0x66f9</load_address>
         <run_address>0x66f9</run_address>
         <size>0x174</size>
         <input_file_ref idref="fl-2"/>
      </object_component>
      <object_component id="oc-ff">
         <name>.debug_info</name>
         <load_address>0x686d</load_address>
         <run_address>0x686d</run_address>
         <size>0x189</size>
         <input_file_ref idref="fl-2"/>
      </object_component>
      <object_component id="oc-10b">
         <name>.debug_info</name>
         <load_address>0x69f6</load_address>
         <run_address>0x69f6</run_address>
         <size>0x194</size>
         <input_file_ref idref="fl-2"/>
      </object_component>
      <object_component id="oc-1e9">
         <name>.debug_info</name>
         <load_address>0x6b8a</load_address>
         <run_address>0x6b8a</run_address>
         <size>0x620</size>
         <input_file_ref idref="fl-2"/>
      </object_component>
      <object_component id="oc-207">
         <name>.debug_info</name>
         <load_address>0x71aa</load_address>
         <run_address>0x71aa</run_address>
         <size>0x104</size>
         <input_file_ref idref="fl-2"/>
      </object_component>
      <object_component id="oc-105">
         <name>.debug_info</name>
         <load_address>0x72ae</load_address>
         <run_address>0x72ae</run_address>
         <size>0x1f2</size>
         <input_file_ref idref="fl-2"/>
      </object_component>
      <object_component id="oc-111">
         <name>.debug_info</name>
         <load_address>0x74a0</load_address>
         <run_address>0x74a0</run_address>
         <size>0xf8</size>
         <input_file_ref idref="fl-2"/>
      </object_component>
      <object_component id="oc-4f">
         <name>.debug_info</name>
         <load_address>0x7598</load_address>
         <run_address>0x7598</run_address>
         <size>0x229</size>
         <input_file_ref idref="fl-2"/>
      </object_component>
      <object_component id="oc-61">
         <name>.debug_info</name>
         <load_address>0x77c1</load_address>
         <run_address>0x77c1</run_address>
         <size>0x17a</size>
         <input_file_ref idref="fl-2"/>
      </object_component>
      <object_component id="oc-43">
         <name>.debug_info</name>
         <load_address>0x793b</load_address>
         <run_address>0x793b</run_address>
         <size>0x186</size>
         <input_file_ref idref="fl-2"/>
      </object_component>
      <object_component id="oc-3c6">
         <name>.debug_info</name>
         <load_address>0x7ac1</load_address>
         <run_address>0x7ac1</run_address>
         <size>0x86</size>
         <input_file_ref idref="fl-2"/>
      </object_component>
      <object_component id="oc-1bc">
         <name>.debug_info</name>
         <load_address>0x7b47</load_address>
         <run_address>0x7b47</run_address>
         <size>0x8b</size>
         <input_file_ref idref="fl-2"/>
      </object_component>
      <object_component id="oc-17a">
         <name>.debug_info</name>
         <load_address>0x7bd2</load_address>
         <run_address>0x7bd2</run_address>
         <size>0x18b</size>
         <input_file_ref idref="fl-2"/>
      </object_component>
      <object_component id="oc-1b6">
         <name>.debug_info</name>
         <load_address>0x7d5d</load_address>
         <run_address>0x7d5d</run_address>
         <size>0x4e</size>
         <input_file_ref idref="fl-2"/>
      </object_component>
      <object_component id="oc-6e">
         <name>.debug_info</name>
         <load_address>0x7dab</load_address>
         <run_address>0x7dab</run_address>
         <size>0x22f</size>
         <input_file_ref idref="fl-3"/>
      </object_component>
      <object_component id="oc-10">
         <name>.debug_info</name>
         <load_address>0x7fda</load_address>
         <run_address>0x7fda</run_address>
         <size>0xe2</size>
         <input_file_ref idref="fl-3"/>
      </object_component>
      <object_component id="oc-2b">
         <name>.debug_info</name>
         <load_address>0x80bc</load_address>
         <run_address>0x80bc</run_address>
         <size>0x12e</size>
         <input_file_ref idref="fl-3"/>
      </object_component>
      <object_component id="oc-31">
         <name>.debug_info</name>
         <load_address>0x81ea</load_address>
         <run_address>0x81ea</run_address>
         <size>0x11f</size>
         <input_file_ref idref="fl-3"/>
      </object_component>
      <object_component id="oc-3d">
         <name>.debug_info</name>
         <load_address>0x8309</load_address>
[...]
      </symbol>
      <symbol id="sm-4a0">
         <name>ResetISR</name>
         <value>0x3781</value>
         <object_component_ref idref="oc-2a"/>
      </symbol>
      <symbol id="sm-4a1">
         <name>g_pfnVectors</name>
         <value>0x0</value>
         <object_component_ref idref="oc-f"/>
      </symbol>
      <symbol id="sm-50f">
         <name>UARTStdioConfig</name>
         <value>0x2a19</value>
         <object_component_ref idref="oc-428"/>
      </symbol>
      <symbol id="sm-510">
         <name>UARTwrite</name>
         <value>0x2f39</value>
         <object_component_ref idref="oc-295"/>
      </symbol>
      <symbol id="sm-511">
         <name>UARTprintf</name>
         <value>0x348b</value>
         <object_component_ref idref="oc-b2"/>
      </symbol>
      <symbol id="sm-512">
         <name>UARTvprintf</name>
         <value>0x9e9</value>
         <object_component_ref idref="oc-1ae"/>
      </symbol>
      <symbol id="sm-524">
         <name>_c_int00</name>
         <value>0x2d29</value>
         <object_component_ref idref="oc-24"/>
      </symbol>
      <symbol id="sm-525">
         <name>__stack</name>
         <value>0x20004000</value>
         <object_component_ref idref="oc-29"/>
      </symbol>
      <symbol id="sm-53c">
         <name>__TI_decompress_none</name>
         <value>0x368f</value>
         <object_component_ref idref="oc-12"/>
      </symbol>
      <symbol id="sm-564">
         <name>__TI_decompress_rle24</name>
         <value>0x3799</value>
         <object_component_ref idref="oc-18"/>
      </symbol>
      <symbol id="sm-576">
         <name>__TI_zero_init</name>
         <value>0x36cd</value>
         <object_component_ref idref="oc-1e"/>
      </symbol>
      <symbol id="sm-595">
         <name>C$$EXIT</name>
         <value>0x3055</value>
         <object_component_ref idref="oc-a6"/>
      </symbol>
      <symbol id="sm-596">
         <name>abort</name>
         <value>0x3059</value>
         <object_component_ref idref="oc-a6"/>
      </symbol>
      <symbol id="sm-597">
         <name>exit</name>
         <value>0x3061</value>
         <object_component_ref idref="oc-a6"/>
      </symbol>
      <symbol id="sm-598">
         <name>__TI_dtors_ptr</name>
         <value>0x20004258</value>
         <object_component_ref idref="oc-1a6"/>
      </symbol>
      <symbol id="sm-599">
         <name>__TI_cleanup_ptr</name>
         <value>0x20004254</value>
         <object_component_ref idref="oc-1a6"/>
      </symbol>
      <symbol id="sm-5b0">
         <name>__aeabi_dmul</name>
         <value>0x1985</value>
         <object_component_ref idref="oc-315"/>
      </symbol>
      <symbol id="sm-5bd">
         <name>__aeabi_d2uiz</name>
         <value>0x3099</value>
         <object_component_ref idref="oc-31a"/>
      </symbol>
      <symbol id="sm-5d8">
         <name>memcpy</name>
         <value>0x2111</value>
         <object_component_ref idref="oc-6f"/>
      </symbol>
      <symbol id="sm-5d9">
         <name>__aeabi_memcpy</name>
         <value>0x2111</value>
         <object_component_ref idref="oc-6f"/>
      </symbol>
      <symbol id="sm-5da">
         <name>__aeabi_memcpy8</name>
         <value>0x2111</value>
         <object_component_ref idref="oc-6f"/>
      </symbol>
      <symbol id="sm-5db">
         <name>__aeabi_memcpy4</name>
         <value>0x2111</value>
         <object_component_ref idref="oc-6f"/>
      </symbol>
      <symbol id="sm-5ea">
         <name>__aeabi_memset</name>
         <value>0x25e1</value>
         <object_component_ref idref="oc-88"/>
      </symbol>
      <symbol id="sm-5eb">
         <name>memset</name>
         <value>0x25e7</value>
         <object_component_ref idref="oc-88"/>
      </symbol>
      <symbol id="sm-5ec">
         <name>__aeabi_memset8</name>
         <value>0x25e1</value>
         <object_component_ref idref="oc-88"/>
      </symbol>
      <symbol id="sm-5ed">
         <name>__aeabi_memset4</name>
         <value>0x25e1</value>
         <object_component_ref idref="oc-88"/>
      </symbol>
      <symbol id="sm-5ee">
         <name>__aeabi_memclr8</name>
         <value>0x25df</value>
         <object_component_ref idref="oc-88"/>
      </symbol>
      <symbol id="sm-5ef">
         <name>__aeabi_memclr4</name>
         <value>0x25df</value>
         <object_component_ref idref="oc-88"/>
      </symbol>
      <symbol id="sm-5f0">
         <name>__aeabi_memclr</name>
         <value>0x25df</value>
         <object_component_ref idref="oc-88"/>
      </symbol>
      <symbol id="sm-5fa">
         <name>_system_pre_init</name>
         <value>0x37ab</value>
         <object_component_ref idref="oc-94"/>
      </symbol>
      <symbol id="sm-602">
         <name>main_func_sp</name>
         <value>0x20004264</value>
         <object_component_ref idref="oc-ac"/>
      </symbol>
      <symbol id="sm-614">
         <name>__aeabi_uidivmod</name>
         <value>0x30dd</value>
         <object_component_ref idref="oc-29b"/>
      </symbol>
      <symbol id="sm-615">
         <name>__aeabi_uidiv</name>
         <value>0x30dd</value>
         <object_component_ref idref="oc-29b"/>
      </symbol>
      <symbol id="sm-621">
         <name>__aeabi_ui2d</name>
         <value>0x344d</value>
         <object_component_ref idref="oc-310"/>
      </symbol>
      <symbol id="sm-63a">
         <name>_nop</name>
         <value>0x3573</value>
         <object_component_ref idref="oc-287"/>
      </symbol>
      <symbol id="sm-63b">
         <name>_lock</name>
         <value>0x2000424c</value>
         <object_component_ref idref="oc-1a3"/>
      </symbol>
      <symbol id="sm-63c">
         <name>_unlock</name>
         <value>0x20004250</value>
         <object_component_ref idref="oc-1a3"/>
      </symbol>
      <symbol id="sm-63d">
         <name>_register_lock</name>
         <value>0x356b</value>
         <object_component_ref idref="oc-287"/>
      </symbol>
      <symbol id="sm-63e">
         <name>_register_unlock</name>
         <value>0x3565</value>
         <object_component_ref idref="oc-287"/>
      </symbol>
      <symbol id="sm-653">
         <name>_args_main</name>
         <value>0x34ed</value>
         <object_component_ref idref="oc-a0"/>
      </symbol>
      <symbol id="sm-679">
         <name>__TI_auto_init</name>
         <value>0x2745</value>
         <object_component_ref idref="oc-9a"/>
      </symbol>
      <symbol id="sm-693">
         <name>copy_in</name>
         <value>0x2e11</value>
         <object_component_ref idref="oc-193"/>
      </symbol>
      <symbol id="sm-69d">
         <name>__aeabi_idiv0</name>
         <value>0x154f</value>
         <object_component_ref idref="oc-3bd"/>
      </symbol>
      <symbol id="sm-6ec">
         <name>ADCProcessorTrigger</name>
         <value>0x34a5</value>
         <object_component_ref idref="oc-2ba"/>
      </symbol>
      <symbol id="sm-6ed">
         <name>ADCSequenceEnable</name>
         <value>0x3657</value>
         <object_component_ref idref="oc-3d6"/>
      </symbol>
      <symbol id="sm-6ee">
         <name>ADCSequenceConfigure</name>
         <value>0x311d</value>
         <object_component_ref idref="oc-3d0"/>
      </symbol>
      <symbol id="sm-6ef">
         <name>ADCSequenceStepConfigure</name>
         <value>0x2565</value>
         <object_component_ref idref="oc-2ae"/>
      </symbol>
      <symbol id="sm-6f0">
         <name>ADCIntClear</name>
         <value>0x36e5</value>
         <object_component_ref idref="oc-2c0"/>
      </symbol>
      <symbol id="sm-6f1">
         <name>ADCHardwareOversampleConfigure</name>
         <value>0x3649</value>
         <object_component_ref idref="oc-2b4"/>
      </symbol>
      <symbol id="sm-6f2">
         <name>ADCIntStatus</name>
         <value>0x32e9</value>
         <object_component_ref idref="oc-ba"/>
      </symbol>
      <symbol id="sm-6f3">
         <name>ADCSequenceDataGet</name>
         <value>0x346d</value>
         <object_component_ref idref="oc-2c6"/>
      </symbol>
      <symbol id="sm-70a">
         <name>FlashProgram</name>
         <value>0x281d</value>
         <object_component_ref idref="oc-20c"/>
      </symbol>
      <symbol id="sm-794">
         <name>GPIOPinConfigure</name>
         <value>0x2ea9</value>
         <object_component_ref idref="oc-416"/>
      </symbol>
      <symbol id="sm-795">
         <name>GPIOPinTypeI2CSCL</name>
         <value>0x359d</value>
         <object_component_ref idref="oc-43b"/>
      </symbol>
      <symbol id="sm-796">
         <name>GPIOIntDisable</name>
         <value>0x3665</value>
         <object_component_ref idref="oc-3a6"/>
      </symbol>
      <symbol id="sm-797">
         <name>GPIOIntEnable</name>
         <value>0x36a9</value>
         <object_component_ref idref="oc-40f"/>
      </symbol>
      <symbol id="sm-798">
         <name>GPIOPinTypeI2C</name>
         <value>0x358b</value>
         <object_component_ref idref="oc-441"/>
      </symbol>
      <symbol id="sm-799">
         <name>GPIOIntTypeSet</name>
         <value>0x2bdd</value>
         <object_component_ref idref="oc-409"/>
      </symbol>
      <symbol id="sm-79a">
         <name>GPIOPinTypeGPIOInput</name>
         <value>0x3579</value>
         <object_component_ref idref="oc-403"/>
      </symbol>
      <symbol id="sm-79b">
         <name>GPIOPinTypeUART</name>
         <value>0x35d3</value>
         <object_component_ref idref="oc-41c"/>
      </symbol>
      <symbol id="sm-79c">
         <name>GPIOPinTypeGPIOOutput</name>
         <value>0x34bd</value>
         <object_component_ref idref="oc-381"/>
      </symbol>
      <symbol id="sm-79d">
         <name>GPIOPinRead</name>
         <value>0x375d</value>
         <object_component_ref idref="oc-15d"/>
      </symbol>
      <symbol id="sm-79e">
         <name>GPIODirModeSet</name>
         <value>0x3345</value>
         <object_component_ref idref="oc-47a"/>
      </symbol>
      <symbol id="sm-79f">
         <name>GPIOPinWrite</name>
         <value>0x3763</value>
         <object_component_ref idref="oc-141"/>
      </symbol>
      <symbol id="sm-7a0">
         <name>GPIOPadConfigSet</name>
         <value>0x141d</value>
         <object_component_ref idref="oc-435"/>
      </symbol>
      <symbol id="sm-7a1">
         <name>GPIOPinTypeSSI</name>
         <value>0x35af</value>
         <object_component_ref idref="oc-462"/>
      </symbol>
      <symbol id="sm-7a2">
         <name>GPIOPinTypeTimer</name>
         <value>0x35c1</value>
         <object_component_ref idref="oc-4c3"/>
      </symbol>
      <symbol id="sm-7e7">
         <name>I2CSlaveIntClear</name>
         <value>0x3735</value>
         <object_component_ref idref="oc-ec"/>
      </symbol>
      <symbol id="sm-7e8">
         <name>I2CSlaveIntEnableEx</name>
         <value>0x36b5</value>
         <object_component_ref idref="oc-447"/>
      </symbol>
      <symbol id="sm-7e9">
         <name>I2CSlaveIntClearEx</name>
         <value>0x3775</value>
         <object_component_ref idref="oc-116"/>
      </symbol>
      <symbol id="sm-7ea">
         <name>I2CSlaveDataGet</name>
         <value>0x3769</value>
         <object_component_ref idref="oc-f8"/>
      </symbol>
      <symbol id="sm-7eb">
         <name>I2CSlaveEnable</name>
         <value>0x35f7</value>
         <object_component_ref idref="oc-453"/>
      </symbol>
      <symbol id="sm-7ec">
         <name>I2CSlaveDataPut</name>
         <value>0x376f</value>
         <object_component_ref idref="oc-2f8"/>
      </symbol>
      <symbol id="sm-7ed">
         <name>I2CSlaveStatus</name>
         <value>0x377b</value>
         <object_component_ref idref="oc-f2"/>
      </symbol>
      <symbol id="sm-7ee">
         <name>I2CSlaveInit</name>
         <value>0x3673</value>
         <object_component_ref idref="oc-459"/>
      </symbol>
      <symbol id="sm-841">
         <name>IntPendClear</name>
         <value>0x2ef1</value>
         <object_component_ref idref="oc-11c"/>
      </symbol>
      <symbol id="sm-842">
         <name>IntEnable</name>
         <value>0x28ed</value>
         <object_component_ref idref="oc-1c8"/>
      </symbol>
      <symbol id="sm-843">
         <name>IntDisable</name>
         <value>0x2885</value>
         <object_component_ref idref="oc-3ac"/>
      </symbol>
      <symbol id="sm-844">
         <name>IntMasterEnable</name>
         <value>0x3607</value>
         <object_component_ref idref="oc-44d"/>
      </symbol>
      <symbol id="sm-883">
         <name>SSIDataPut</name>
         <value>0x36ef</value>
         <object_component_ref idref="oc-14d"/>
      </symbol>
      <symbol id="sm-884">
         <name>SSIDMAEnable</name>
         <value>0x3745</value>
         <object_component_ref idref="oc-4a7"/>
      </symbol>
      <symbol id="sm-885">
         <name>SSIIntClear</name>
         <value>0x379f</value>
         <object_component_ref idref="oc-d6"/>
      </symbol>
      <symbol id="sm-886">
         <name>SSIIntStatus</name>
         <value>0x3703</value>
         <object_component_ref idref="oc-d0"/>
      </symbol>
      <symbol id="sm-887">
         <name>SSIConfigSetExpClk</name>
         <value>0x31d5</value>
         <object_component_ref idref="oc-468"/>
      </symbol>
      <symbol id="sm-888">
         <name>SSIEnable</name>
         <value>0x36f9</value>
         <object_component_ref idref="oc-46e"/>
      </symbol>
      <symbol id="sm-889">
         <name>SSIBusy</name>
         <value>0x373d</value>
         <object_component_ref idref="oc-153"/>
      </symbol>
      <symbol id="sm-8e7">
         <name>SysCtlClockSet</name>
         <value>0x1a81</value>
         <object_component_ref idref="oc-25e"/>
      </symbol>
      <symbol id="sm-8e8">
         <name>SysCtlDelay</name>
         <value>0x3787</value>
         <object_component_ref idref="oc-dc"/>
      </symbol>
      <symbol id="sm-8e9">
         <name>SysCtlPeripheralEnable</name>
         <value>0x3285</value>
         <object_component_ref idref="oc-331"/>
      </symbol>
      <symbol id="sm-8ea">
         <name>SysCtlClockGet</name>
         <value>0x1669</value>
         <object_component_ref idref="oc-12e"/>
      </symbol>
      <symbol id="sm-8eb">
         <name>SysCtlPeripheralReset</name>
         <value>0x2cd9</value>
         <object_component_ref idref="oc-42f"/>
      </symbol>
      <symbol id="sm-8fa">
         <name>SysTickPeriodSet</name>
         <value>0x3629</value>
         <object_component_ref idref="oc-368"/>
      </symbol>
      <symbol id="sm-950">
         <name>TimerLoadSet</name>
         <value>0x35e5</value>
         <object_component_ref idref="oc-4d0"/>
      </symbol>
      <symbol id="sm-951">
         <name>TimerDisable</name>
         <value>0x34d5</value>
         <object_component_ref idref="oc-3e3"/>
      </symbol>
      <symbol id="sm-952">
         <name>TimerEnable</name>
         <value>0x3681</value>
         <object_component_ref idref="oc-4c9"/>
      </symbol>
      <symbol id="sm-953">
         <name>TimerIntDisable</name>
         <value>0x370d</value>
         <object_component_ref idref="oc-3dd"/>
      </symbol>
      <symbol id="sm-954">
         <name>TimerValueGet</name>
         <value>0x3717</value>
         <object_component_ref idref="oc-13b"/>
      </symbol>
      <symbol id="sm-955">
         <name>TimerIntEnable</name>
         <value>0x374d</value>
         <object_component_ref idref="oc-4d6"/>
      </symbol>
      <symbol id="sm-956">
         <name>TimerConfigure</name>
         <value>0x29b9</value>
         <object_component_ref idref="oc-4b7"/>
      </symbol>
      <symbol id="sm-957">
         <name>TimerControlEvent</name>
         <value>0x354d</value>
         <object_component_ref idref="oc-4bd"/>
      </symbol>
      <symbol id="sm-958">
         <name>TimerIntClear</name>
         <value>0x37a3</value>
         <object_component_ref idref="oc-135"/>
      </symbol>
      <symbol id="sm-965">
         <name>UARTClockSourceSet</name>
         <value>0x378d</value>
         <object_component_ref idref="oc-422"/>
      </symbol>
      <symbol id="sm-9dc">
         <name>uDMAChannelControlSet</name>
         <value>0x33e9</value>
         <object_component_ref idref="oc-4a1"/>
      </symbol>
      <symbol id="sm-9dd">
         <name>uDMAChannelIsEnabled</name>
         <value>0x3535</value>
         <object_component_ref idref="oc-1ce"/>
      </symbol>
      <symbol id="sm-9de">
         <name>uDMAChannelDisable</name>
         <value>0x3505</value>
         <object_component_ref idref="oc-4ad"/>
      </symbol>
      <symbol id="sm-9df">
         <name>uDMAChannelAttributeEnable</name>
         <value>0x2fc9</value>
         <object_component_ref idref="oc-49b"/>
      </symbol>
      <symbol id="sm-9e0">
         <name>uDMAChannelTransferSet</name>
         <value>0x2365</value>
         <object_component_ref idref="oc-1d4"/>
      </symbol>
      <symbol id="sm-9e1">
         <name>uDMAChannelAssign</name>
         <value>0x3319</value>
         <object_component_ref idref="oc-48f"/>
      </symbol>
      <symbol id="sm-9e2">
         <name>uDMAEnable</name>
         <value>0x3639</value>
         <object_component_ref idref="oc-483"/>
      </symbol>
      <symbol id="sm-9e3">
         <name>uDMAControlBaseSet</name>
         <value>0x36d9</value>
         <object_component_ref idref="oc-489"/>
      </symbol>
      <symbol id="sm-9e4">
         <name>uDMAChannelAttributeDisable</name>
         <value>0x2f81</value>
         <object_component_ref idref="oc-495"/>
      </symbol>
      <symbol id="sm-9e5">
         <name>uDMAChannelEnable</name>
         <value>0x351d</value>
         <object_component_ref idref="oc-1da"/>
      </symbol>
      <symbol id="sm-a1c">
         <name>WatchdogIntClear</name>
         <value>0x3793</value>
         <object_component_ref idref="oc-249"/>
      </symbol>
      <symbol id="sm-a1d">
         <name>WatchdogUnlock</name>
         <value>0x36c1</value>
         <object_component_ref idref="oc-337"/>
      </symbol>
      <symbol id="sm-a1e">
         <name>WatchdogReloadSet</name>
         <value>0x37a7</value>
         <object_component_ref idref="oc-33d"/>
      </symbol>
      <symbol id="sm-a1f">
         <name>WatchdogResetEnable</name>
         <value>0x372b</value>
         <object_component_ref idref="oc-343"/>
      </symbol>
      <symbol id="sm-a20">
         <name>WatchdogEnable</name>
         <value>0x3721</value>
         <object_component_ref idref="oc-349"/>
      </symbol>
      <symbol id="sm-a21">
         <name>WatchdogLock</name>
         <value>0x3755</value>
         <object_component_ref idref="oc-34f"/>
      </symbol>
      <symbol id="sm-a2b">
         <name>CPUcpsie</name>
         <value>0x369d</value>
         <object_component_ref idref="oc-4fb"/>
      </symbol>
      <symbol id="sm-a2c">
         <name>__TI_static_base__</name>
         <value>0x0</value>
      </symbol>
      <symbol id="sm-a2f">
         <name>SHT$$INIT_ARRAY$$Limit</name>
         <value>0x0</value>
      </symbol>
      <symbol id="sm-a30">
         <name>SHT$$INIT_ARRAY$$Base</name>
         <value>0x0</value>
      </symbol>
   </symbol_table>
   <title>Link successful</title>
</link_info>
