<?xml version="1.0"?>
<link_info>
   <banner>TI ARM Linker PC v5.2.2</banner>
   <copyright>Copyright (c) 1996-2015 Texas Instruments Incorporated</copyright>
   <link_time>0x58578248</link_time>
   <link_errors>0x0</link_errors>
   <output_file>Worker_1.out</output_file>
   <entry_point>
      <name>_c_int00</name>
      <address>0x4529</address>
   </entry_point>
   <input_file_list>
      <input_file id="fl-2">
         <path>.\</path>
         <kind>object</kind>
         <file>main.obj</file>
         <name>main.obj</name>
      </input_file>
      <input_file id="fl-3">
         <path>.\</path>
         <kind>object</kind>
         <file>tm4c123gh6pge_startup_ccs.obj</file>
         <name>tm4c123gh6pge_startup_ccs.obj</name>
      </input_file>
      <input_file id="fl-4">
         <path>.\utils\</path>
         <kind>object</kind>
         <file>uartstdio.obj</file>
         <name>uartstdio.obj</name>
      </input_file>
      <input_file id="fl-12c">
         <path>C:\tiv6\ccsv6\tools\compiler\ti-cgt-arm_5.2.2\lib\</path>
         <kind>archive</kind>
         <file>rtsv7M4_T_le_v4SPD16_eabi.lib</file>
         <name>boot.obj</name>
      </input_file>
      <input_file id="fl-12d">
         <path>C:\tiv6\ccsv6\tools\compiler\ti-cgt-arm_5.2.2\lib\</path>
         <kind>archive</kind>
         <file>rtsv7M4_T_le_v4SPD16_eabi.lib</file>
         <name>copy_decompress_none.obj</name>
      </input_file>
      <input_file id="fl-12e">
         <path>C:\tiv6\ccsv6\tools\compiler\ti-cgt-arm_5.2.2\lib\</path>
         <kind>archive</kind>
         <file>rtsv7M4_T_le_v4SPD16_eabi.lib</file>
         <name>copy_decompress_rle.obj</name>
      </input_file>
      <input_file id="fl-12f">
         <path>C:\tiv6\ccsv6\tools\compiler\ti-cgt-arm_5.2.2\lib\</path>
         <kind>archive</kind>
         <file>rtsv7M4_T_le_v4SPD16_eabi.lib</file>
         <name>copy_zero_init.obj</name>
      </input_file>
      <input_file id="fl-130">
         <path>C:\tiv6\ccsv6\tools\compiler\ti-cgt-arm_5.2.2\lib\</path>
         <kind>archive</kind>
         <file>rtsv7M4_T_le_v4SPD16_eabi.lib</file>
         <name>exit.obj</name>
      </input_file>
      <input_file id="fl-131">
         <path>C:\tiv6\ccsv6\tools\compiler\ti-cgt-arm_5.2.2\lib\</path>
         <kind>archive</kind>
         <file>rtsv7M4_T_le_v4SPD16_eabi.lib</file>
         <name>fd_mul_t2.obj</name>
      </input_file>
      <input_file id="fl-132">
         <path>C:\tiv6\ccsv6\tools\compiler\ti-cgt-arm_5.2.2\lib\</path>
         <kind>archive</kind>
         <file>rtsv7M4_T_le_v4SPD16_eabi.lib</file>
         <name>fd_tou_t2.obj</name>
      </input_file>
      <input_file id="fl-133">
         <path>C:\tiv6\ccsv6\tools\compiler\ti-cgt-arm_5.2.2\lib\</path>
         <kind>archive</kind>
         <file>rtsv7M4_T_le_v4SPD16_eabi.lib</file>
         <name>memcpy_t2.obj</name>
      </input_file>
      <input_file id="fl-134">
         <path>C:\tiv6\ccsv6\tools\compiler\ti-cgt-arm_5.2.2\lib\</path>
         <kind>archive</kind>
         <file>rtsv7M4_T_le_v4SPD16_eabi.lib</file>
         <name>memset_t2.obj</name>
      </input_file>
      <input_file id="fl-135">
         <path>C:\tiv6\ccsv6\tools\compiler\ti-cgt-arm_5.2.2\lib\</path>
         <kind>archive</kind>
         <file>rtsv7M4_T_le_v4SPD16_eabi.lib</file>
         <name>pre_init.obj</name>
      </input_file>
      <input_file id="fl-136">
         <path>C:\tiv6\ccsv6\tools\compiler\ti-cgt-arm_5.2.2\lib\</path>
         <kind>archive</kind>
         <file>rtsv7M4_T_le_v4SPD16_eabi.lib</file>
         <name>stkdepth_vars.obj</name>
      </input_file>
      <input_file id="fl-137">
         <path>C:\tiv6\ccsv6\tools\compiler\ti-cgt-arm_5.2.2\lib\</path>
         <kind>archive</kind>
         <file>rtsv7M4_T_le_v4SPD16_eabi.lib</file>
         <name>u_divt2.obj</name>
      </input_file>
      <input_file id="fl-138">
         <path>C:\tiv6\ccsv6\tools\compiler\ti-cgt-arm_5.2.2\lib\</path>
         <kind>archive</kind>
         <file>rtsv7M4_T_le_v4SPD16_eabi.lib</file>
         <name>u_tofd_t2.obj</name>
      </input_file>
      <input_file id="fl-139">
         <path>C:\tiv6\ccsv6\tools\compiler\ti-cgt-arm_5.2.2\lib\</path>
         <kind>archive</kind>
         <file>rtsv7M4_T_le_v4SPD16_eabi.lib</file>
         <name>_lock.obj</name>
      </input_file>
      <input_file id="fl-13a">
         <path>C:\tiv6\ccsv6\tools\compiler\ti-cgt-arm_5.2.2\lib\</path>
         <kind>archive</kind>
         <file>rtsv7M4_T_le_v4SPD16_eabi.lib</file>
         <name>args_main.obj</name>
      </input_file>
      <input_file id="fl-13b">
         <path>C:\tiv6\ccsv6\tools\compiler\ti-cgt-arm_5.2.2\lib\</path>
         <kind>archive</kind>
         <file>rtsv7M4_T_le_v4SPD16_eabi.lib</file>
         <name>autoinit.obj</name>
      </input_file>
      <input_file id="fl-13c">
         <path>C:\tiv6\ccsv6\tools\compiler\ti-cgt-arm_5.2.2\lib\</path>
         <kind>archive</kind>
         <file>rtsv7M4_T_le_v4SPD16_eabi.lib</file>
         <name>cpy_tbl.obj</name>
      </input_file>
      <input_file id="fl-13d">
         <path>C:\ti\TivaWare_C_Series-2.1.1.71\driverlib\ccs\Debug\</path>
         <kind>archive</kind>
         <file>driverlib.lib</file>
         <name>flash.obj</name>
      </input_file>
      <input_file id="fl-13e">
         <path>C:\ti\TivaWare_C_Series-2.1.1.71\driverlib\ccs\Debug\</path>
         <kind>archive</kind>
         <file>driverlib.lib</file>
         <name>gpio.obj</name>
      </input_file>
      <input_file id="fl-13f">
         <path>C:\ti\TivaWare_C_Series-2.1.1.71\driverlib\ccs\Debug\</path>
         <kind>archive</kind>
         <file>driverlib.lib</file>
         <name>i2c.obj</name>
      </input_file>
      <input_file id="fl-140">
         <path>C:\ti\TivaWare_C_Series-2.1.1.71\driverlib\ccs\Debug\</path>
         <kind>archive</kind>
         <file>driverlib.lib</file>
         <name>interrupt.obj</name>
      </input_file>
      <input_file id="fl-141">
         <path>C:\ti\TivaWare_C_Series-2.1.1.71\driverlib\ccs\Debug\</path>
         <kind>archive</kind>
         <file>driverlib.lib</file>
         <name>pwm.obj</name>
      </input_file>
      <input_file id="fl-142">
         <path>C:\ti\TivaWare_C_Series-2.1.1.71\driverlib\ccs\Debug\</path>
         <kind>archive</kind>
         <file>driverlib.lib</file>
         <name>ssi.obj</name>
      </input_file>
      <input_file id="fl-143">
         <path>C:\ti\TivaWare_C_Series-2.1.1.71\driverlib\ccs\Debug\</path>
         <kind>archive</kind>
         <file>driverlib.lib</file>
         <name>sysctl.obj</name>
      </input_file>
      <input_file id="fl-144">
         <path>C:\ti\TivaWare_C_Series-2.1.1.71\driverlib\ccs\Debug\</path>
         <kind>archive</kind>
         <file>driverlib.lib</file>
         <name>systick.obj</name>
      </input_file>
      <input_file id="fl-145">
         <path>C:\ti\TivaWare_C_Series-2.1.1.71\driverlib\ccs\Debug\</path>
         <kind>archive</kind>
         <file>driverlib.lib</file>
         <name>timer.obj</name>
      </input_file>
      <input_file id="fl-146">
         <path>C:\ti\TivaWare_C_Series-2.1.1.71\driverlib\ccs\Debug\</path>
         <kind>archive</kind>
         <file>driverlib.lib</file>
         <name>uart.obj</name>
      </input_file>
      <input_file id="fl-147">
         <path>C:\ti\TivaWare_C_Series-2.1.1.71\driverlib\ccs\Debug\</path>
         <kind>archive</kind>
         <file>driverlib.lib</file>
         <name>udma.obj</name>
      </input_file>
      <input_file id="fl-148">
         <path>C:\ti\TivaWare_C_Series-2.1.1.71\driverlib\ccs\Debug\</path>
         <kind>archive</kind>
         <file>driverlib.lib</file>
         <name>watchdog.obj</name>
      </input_file>
      <input_file id="fl-149">
         <path>C:\ti\TivaWare_C_Series-2.1.1.71\driverlib\ccs\Debug\</path>
         <kind>archive</kind>
         <file>driverlib.lib</file>
         <name>cpu.obj</name>
      </input_file>
   </input_file_list>
   <object_component_list>
      <object_component id="oc-f">
         <name>.intvecs</name>
         <load_address>0x0</load_address>
         <run_address>0x0</run_address>
         <size>0x26c</size>
         <input_file_ref idref="fl-3"/>
      </object_component>
      <object_component id="oc-17d">
         <name>.text:I2C_Decode_TC</name>
         <load_address>0x26c</load_address>
         <run_address>0x26c</run_address>
         <size>0x6c4</size>
         <input_file_ref idref="fl-2"/>
      </object_component>
      <object_component id="oc-129">
         <name>.text:HK_Data_Acquire</name>
         <load_address>0x930</load_address>
         <run_address>0x930</run_address>
         <size>0x6b4</size>
         <input_file_ref idref="fl-2"/>
      </object_component>
      <object_component id="oc-46f">
         <name>.text:HK_Begin</name>
         <load_address>0xfe4</load_address>
         <run_address>0xfe4</run_address>
         <size>0x544</size>
         <input_file_ref idref="fl-2"/>
      </object_component>
      <object_component id="oc-42">
         <name>.text:Bulk_INT</name>
         <load_address>0x1528</load_address>
         <run_address>0x1528</run_address>
         <size>0x3b4</size>
         <input_file_ref idref="fl-2"/>
      </object_component>
      <object_component id="oc-2c7">
         <name>.text:LEDAcquire</name>
         <load_address>0x18dc</load_address>
         <run_address>0x18dc</run_address>
         <size>0x23c</size>
         <input_file_ref idref="fl-2"/>
      </object_component>
      <object_component id="oc-183">
         <name>.text:I2C_Encode_Telemetry</name>
         <load_address>0x1b18</load_address>
         <run_address>0x1b18</run_address>
         <size>0x20c</size>
         <input_file_ref idref="fl-2"/>
      </object_component>
      <object_component id="oc-451">
         <name>.text:Boot_Up</name>
         <load_address>0x1d24</load_address>
         <run_address>0x1d24</run_address>
         <size>0x1f0</size>
         <input_file_ref idref="fl-2"/>
      </object_component>
      <object_component id="oc-1f1">
         <name>.text:UARTvprintf</name>
         <load_address>0x1f14</load_address>
         <run_address>0x1f14</run_address>
         <size>0x1ea</size>
         <input_file_ref idref="fl-4"/>
      </object_component>
      <object_component id="oc-30">
         <name>.text:NmiSR</name>
         <load_address>0x20fe</load_address>
         <run_address>0x20fe</run_address>
         <size>0x2</size>
         <input_file_ref idref="fl-3"/>
      </object_component>
      <object_component id="oc-445">
         <name>.text:GPIOConfigure</name>
         <load_address>0x2100</load_address>
         <run_address>0x2100</run_address>
         <size>0x1e8</size>
         <input_file_ref idref="fl-2"/>
      </object_component>
      <object_component id="oc-78">
         <name>.text:dE_dX_INT</name>
         <load_address>0x22e8</load_address>
         <run_address>0x22e8</run_address>
         <size>0x1d0</size>
         <input_file_ref idref="fl-2"/>
      </object_component>
      <object_component id="oc-6c">
         <name>.text:I2C0SlaveIntHandler</name>
         <load_address>0x24b8</load_address>
         <run_address>0x24b8</run_address>
         <size>0x16c</size>
         <input_file_ref idref="fl-2"/>
      </object_component>
      <object_component id="oc-31d">
         <name>.text:Flash_Parameter_Program</name>
         <load_address>0x2624</load_address>
         <run_address>0x2624</run_address>
         <size>0x13c</size>
         <input_file_ref idref="fl-2"/>
      </object_component>
      <object_component id="oc-36e">
         <name>.text:GPIOPadConfigSet</name>
         <load_address>0x2760</load_address>
         <run_address>0x2760</run_address>
         <size>0x130</size>
         <input_file_ref idref="fl-13e"/>
      </object_component>
      <object_component id="oc-54">
         <name>.text:SCI_Timer_INT_Handler</name>
         <load_address>0x2890</load_address>
         <run_address>0x2890</run_address>
         <size>0x11c</size>
         <input_file_ref idref="fl-2"/>
      </object_component>
      <object_component id="oc-105">
         <name>.text:SysCtlClockGet</name>
         <load_address>0x29ac</load_address>
         <run_address>0x29ac</run_address>
         <size>0x10c</size>
         <input_file_ref idref="fl-143"/>
      </object_component>
      <object_component id="oc-498">
         <name>.text:Fast_Init</name>
         <load_address>0x2ab8</load_address>
         <run_address>0x2ab8</run_address>
         <size>0x108</size>
         <input_file_ref idref="fl-2"/>
      </object_component>
      <object_component id="oc-1de">
         <name>.text:main</name>
         <load_address>0x2bc0</load_address>
         <run_address>0x2bc0</run_address>
         <size>0x104</size>
         <input_file_ref idref="fl-2"/>
      </object_component>
      <object_component id="oc-390">
         <name>.text</name>
         <load_address>0x2cc4</load_address>
         <run_address>0x2cc4</run_address>
         <size>0xfc</size>
         <input_file_ref idref="fl-131"/>
      </object_component>
      <object_component id="oc-2ff">
         <name>.text:SysCtlClockSet</name>
         <load_address>0x2dc0</load_address>
         <run_address>0x2dc0</run_address>
         <size>0xf0</size>
         <input_file_ref idref="fl-143"/>
      </object_component>
      <object_component id="oc-3cb">
         <name>.text:PL_SCIENCE_INT_DISABLE</name>
         <load_address>0x2eb0</load_address>
         <run_address>0x2eb0</run_address>
         <size>0xe8</size>
         <input_file_ref idref="fl-2"/>
      </object_component>
      <object_component id="oc-32f">
         <name>.text:PYLD_SPEED_SCIENCE_INIT</name>
         <load_address>0x2f98</load_address>
         <run_address>0x2f98</run_address>
         <size>0xe8</size>
         <input_file_ref idref="fl-2"/>
      </object_component>
      <object_component id="oc-317">
         <name>.text:PYLD_SPEED_STANDBY_INIT</name>
         <load_address>0x3080</load_address>
         <run_address>0x3080</run_address>
         <size>0xe4</size>
         <input_file_ref idref="fl-2"/>
      </object_component>
      <object_component id="oc-13c">
         <name>.text:HV_Value_Set</name>
         <load_address>0x3164</load_address>
         <run_address>0x3164</run_address>
         <size>0xdc</size>
         <input_file_ref idref="fl-2"/>
      </object_component>
      <object_component id="oc-463">
         <name>.text:Configure_SSI_Science</name>
         <load_address>0x3240</load_address>
         <run_address>0x3240</run_address>
         <size>0xd0</size>
         <input_file_ref idref="fl-2"/>
      </object_component>
      <object_component id="oc-3d7">
         <name>.text:Disable_Analog</name>
         <load_address>0x3310</load_address>
         <run_address>0x3310</run_address>
         <size>0xcc</size>
         <input_file_ref idref="fl-2"/>
      </object_component>
      <object_component id="oc-2bb">
         <name>.text:PL_PREV_STATE_CHECK</name>
         <load_address>0x33dc</load_address>
         <run_address>0x33dc</run_address>
         <size>0xcc</size>
         <input_file_ref idref="fl-2"/>
      </object_component>
      <object_component id="oc-2a9">
         <name>.text:Configure_DPOT_LED</name>
         <load_address>0x34a8</load_address>
         <run_address>0x34a8</run_address>
         <size>0xc8</size>
         <input_file_ref idref="fl-2"/>
      </object_component>
      <object_component id="oc-2af">
         <name>.text:Configure_DPOT</name>
         <load_address>0x3570</load_address>
         <run_address>0x3570</run_address>
         <size>0xc4</size>
         <input_file_ref idref="fl-2"/>
      </object_component>
      <object_component id="oc-47f">
         <name>.text:Configure_Analog</name>
         <load_address>0x3634</load_address>
         <run_address>0x3634</run_address>
         <size>0xb4</size>
         <input_file_ref idref="fl-2"/>
      </object_component>
      <object_component id="oc-2db">
         <name>.text:I2C_Write</name>
         <load_address>0x36e8</load_address>
         <run_address>0x36e8</run_address>
         <size>0xb0</size>
         <input_file_ref idref="fl-2"/>
      </object_component>
      <object_component id="oc-491">
         <name>.text:InitDMA</name>
         <load_address>0x3798</load_address>
         <run_address>0x3798</run_address>
         <size>0xac</size>
         <input_file_ref idref="fl-2"/>
      </object_component>
      <object_component id="oc-87">
         <name>.text</name>
         <load_address>0x3844</load_address>
         <run_address>0x3844</run_address>
         <size>0x9c</size>
         <input_file_ref idref="fl-133"/>
      </object_component>
      <object_component id="oc-457">
         <name>.text:ConfigureI2CSlave</name>
         <load_address>0x38e0</load_address>
         <run_address>0x38e0</run_address>
         <size>0x98</size>
         <input_file_ref idref="fl-2"/>
      </object_component>
      <object_component id="oc-293">
         <name>.text:HV_CONTROL</name>
         <load_address>0x3978</load_address>
         <run_address>0x3978</run_address>
         <size>0x98</size>
         <input_file_ref idref="fl-2"/>
      </object_component>
      <object_component id="oc-329">
         <name>.text:PYLD_SPEED_HIBERNATE_INIT</name>
         <load_address>0x3a10</load_address>
         <run_address>0x3a10</run_address>
         <size>0x90</size>
         <input_file_ref idref="fl-2"/>
      </object_component>
      <object_component id="oc-281">
         <name>.text:Configure_ADC_SCI</name>
         <load_address>0x3aa0</load_address>
         <run_address>0x3aa0</run_address>
         <size>0x8c</size>
         <input_file_ref idref="fl-2"/>
      </object_component>
      <object_component id="oc-485">
         <name>.text:Configure_DAC</name>
         <load_address>0x3b2c</load_address>
         <run_address>0x3b2c</run_address>
         <size>0x8c</size>
         <input_file_ref idref="fl-2"/>
      </object_component>
      <object_component id="oc-21a">
         <name>.text:uDMAChannelTransferSet</name>
         <load_address>0x3bb8</load_address>
         <run_address>0x3bb8</run_address>
         <size>0x84</size>
         <input_file_ref idref="fl-147"/>
      </object_component>
      <object_component id="oc-27b">
         <name>.text:GET_HV_VOLTAGE</name>
         <load_address>0x3c3c</load_address>
         <run_address>0x3c3c</run_address>
         <size>0x7c</size>
         <input_file_ref idref="fl-2"/>
      </object_component>
      <object_component id="oc-24c">
         <name>.text:ADCSequenceStepConfigure</name>
         <load_address>0x3cb8</load_address>
         <run_address>0x3cb8</run_address>
         <size>0x7a</size>
         <input_file_ref idref="fl-2"/>
      </object_component>
      <object_component id="oc-a0">
         <name>.text</name>
         <load_address>0x3d32</load_address>
         <run_address>0x3d32</run_address>
         <size>0x7a</size>
         <input_file_ref idref="fl-134"/>
      </object_component>
      <object_component id="oc-f5">
         <name>.text:DMA_SPI_Transfer_Science</name>
         <load_address>0x3dac</load_address>
         <run_address>0x3dac</run_address>
         <size>0x78</size>
         <input_file_ref idref="fl-2"/>
      </object_component>
      <object_component id="oc-275">
         <name>.text:uc_core_temp</name>
         <load_address>0x3e24</load_address>
         <run_address>0x3e24</run_address>
         <size>0x70</size>
         <input_file_ref idref="fl-2"/>
      </object_component>
      <object_component id="oc-b2">
         <name>.text</name>
         <load_address>0x3e94</load_address>
         <run_address>0x3e94</run_address>
         <size>0x6c</size>
         <input_file_ref idref="fl-13b"/>
      </object_component>
      <object_component id="oc-93">
         <name>.text</name>
         <load_address>0x3f00</load_address>
         <run_address>0x3f00</run_address>
         <size>0x6a</size>
         <input_file_ref idref="fl-12e"/>
      </object_component>
      <object_component id="oc-142">
         <name>.text:IntDisable</name>
         <load_address>0x3f6c</load_address>
         <run_address>0x3f6c</run_address>
         <size>0x68</size>
         <input_file_ref idref="fl-140"/>
      </object_component>
      <object_component id="oc-20e">
         <name>.text:IntEnable</name>
         <load_address>0x3fd4</load_address>
         <run_address>0x3fd4</run_address>
         <size>0x68</size>
         <input_file_ref idref="fl-140"/>
      </object_component>
      <object_component id="oc-15c">
         <name>.text:FlashProgram</name>
         <load_address>0x403c</load_address>
         <run_address>0x403c</run_address>
         <size>0x64</size>
         <input_file_ref idref="fl-13d"/>
      </object_component>
      <object_component id="oc-53d">
         <name>.text:TimerConfigure</name>
         <load_address>0x40a0</load_address>
         <run_address>0x40a0</run_address>
         <size>0x60</size>
         <input_file_ref idref="fl-145"/>
      </object_component>
      <object_component id="oc-507">
         <name>.text:UARTStdioConfig</name>
         <load_address>0x4100</load_address>
         <run_address>0x4100</run_address>
         <size>0x60</size>
         <input_file_ref idref="fl-4"/>
      </object_component>
      <object_component id="oc-66">
         <name>.text:Fail_Safe</name>
         <load_address>0x4160</load_address>
         <run_address>0x4160</run_address>
         <size>0x5c</size>
         <input_file_ref idref="fl-2"/>
      </object_component>
      <object_component id="oc-30b">
         <name>.text:FlashProtectSet</name>
         <load_address>0x41bc</load_address>
         <run_address>0x41bc</run_address>
         <size>0x5c</size>
         <input_file_ref idref="fl-13d"/>
      </object_component>
      <object_component id="oc-5a">
         <name>.text:HK_ISR</name>
         <load_address>0x4218</load_address>
         <run_address>0x4218</run_address>
         <size>0x5c</size>
         <input_file_ref idref="fl-2"/>
      </object_component>
      <object_component id="oc-48">
         <name>.text:SSI0_IntHandler</name>
         <load_address>0x4274</load_address>
         <run_address>0x4274</run_address>
         <size>0x5c</size>
         <input_file_ref idref="fl-2"/>
      </object_component>
      <object_component id="oc-44b">
         <name>.text:ConfigureUART</name>
         <load_address>0x42d0</load_address>
         <run_address>0x42d0</run_address>
         <size>0x58</size>
         <input_file_ref idref="fl-2"/>
      </object_component>
      <object_component id="oc-49e">
         <name>.text:Configure_Science_Timer</name>
         <load_address>0x4328</load_address>
         <run_address>0x4328</run_address>
         <size>0x58</size>
         <input_file_ref idref="fl-2"/>
      </object_component>
      <object_component id="oc-48b">
         <name>.text:DAC_Config</name>
         <load_address>0x4380</load_address>
         <run_address>0x4380</run_address>
         <size>0x58</size>
         <input_file_ref idref="fl-2"/>
      </object_component>
      <object_component id="oc-28d">
         <name>.text:DAC_Value_SET</name>
         <load_address>0x43d8</load_address>
         <run_address>0x43d8</run_address>
         <size>0x58</size>
         <input_file_ref idref="fl-2"/>
      </object_component>
      <object_component id="oc-4ee">
         <name>.text:GPIOIntTypeSet</name>
         <load_address>0x4430</load_address>
         <run_address>0x4430</run_address>
         <size>0x56</size>
         <input_file_ref idref="fl-13e"/>
      </object_component>
      <object_component id="oc-7e">
         <name>.text:HV_OVC_ISR</name>
         <load_address>0x4488</load_address>
         <run_address>0x4488</run_address>
         <size>0x50</size>
         <input_file_ref idref="fl-2"/>
      </object_component>
      <object_component id="oc-50f">
         <name>.text:SysCtlPeripheralReset</name>
         <load_address>0x44d8</load_address>
         <run_address>0x44d8</run_address>
         <size>0x50</size>
         <input_file_ref idref="fl-143"/>
      </object_component>
      <object_component id="oc-24">
         <name>.text</name>
         <load_address>0x4528</load_address>
         <run_address>0x4528</run_address>
         <size>0x50</size>
         <input_file_ref idref="fl-12c"/>
      </object_component>
      <object_component id="oc-305">
         <name>.text:ConfigureWatchdog</name>
         <load_address>0x4578</load_address>
         <run_address>0x4578</run_address>
         <size>0x4c</size>
         <input_file_ref idref="fl-2"/>
      </object_component>
      <object_component id="oc-60">
         <name>.text:HV_Timer_INT_Handler</name>
         <load_address>0x45c4</load_address>
         <run_address>0x45c4</run_address>
         <size>0x4c</size>
         <input_file_ref idref="fl-2"/>
      </object_component>
      <object_component id="oc-3e5">
         <name>.text:SoftLEDConfig</name>
         <load_address>0x4610</load_address>
         <run_address>0x4610</run_address>
         <size>0x4c</size>
         <input_file_ref idref="fl-2"/>
      </object_component>
      <object_component id="oc-1d6">
         <name>.text</name>
         <load_address>0x465c</load_address>
         <run_address>0x465c</run_address>
         <size>0x4c</size>
         <input_file_ref idref="fl-13c"/>
      </object_component>
      <object_component id="oc-3af">
         <name>.text:GPIOPinConfigure</name>
         <load_address>0x46a8</load_address>
         <run_address>0x46a8</run_address>
         <size>0x48</size>
         <input_file_ref idref="fl-13e"/>
      </object_component>
      <object_component id="oc-19b">
         <name>.text:IntPendClear</name>
         <load_address>0x46f0</load_address>
         <run_address>0x46f0</run_address>
         <size>0x48</size>
         <input_file_ref idref="fl-140"/>
      </object_component>
      <object_component id="oc-34c">
         <name>.text:UARTwrite</name>
         <load_address>0x4738</load_address>
         <run_address>0x4738</run_address>
         <size>0x48</size>
         <input_file_ref idref="fl-4"/>
      </object_component>
      <object_component id="oc-4e">
         <name>.text:Watchdog0IntHandler</name>
         <load_address>0x4780</load_address>
         <run_address>0x4780</run_address>
         <size>0x48</size>
         <input_file_ref idref="fl-2"/>
      </object_component>
      <object_component id="oc-570">
         <name>.text:uDMAChannelAttributeDisable</name>
         <load_address>0x47c8</load_address>
         <run_address>0x47c8</run_address>
         <size>0x48</size>
         <input_file_ref idref="fl-147"/>
      </object_component>
      <object_component id="oc-576">
         <name>.text:uDMAChannelAttributeEnable</name>
         <load_address>0x4810</load_address>
         <run_address>0x4810</run_address>
         <size>0x48</size>
         <input_file_ref idref="fl-147"/>
      </object_component>
      <object_component id="oc-385">
         <name>.text:Configure_ADC_HV</name>
         <load_address>0x4858</load_address>
         <run_address>0x4858</run_address>
         <size>0x44</size>
         <input_file_ref idref="fl-2"/>
      </object_component>
      <object_component id="oc-469">
         <name>.text:HK_Timer_Config</name>
         <load_address>0x489c</load_address>
         <run_address>0x489c</run_address>
         <size>0x44</size>
         <input_file_ref idref="fl-2"/>
      </object_component>
      <object_component id="oc-be">
         <name>.text</name>
         <load_address>0x48e0</load_address>
         <run_address>0x48e0</run_address>
         <size>0x44</size>
         <input_file_ref idref="fl-130"/>
      </object_component>
      <object_component id="oc-395">
         <name>.text</name>
         <load_address>0x4924</load_address>
         <run_address>0x4924</run_address>
         <size>0x44</size>
         <input_file_ref idref="fl-132"/>
      </object_component>
      <object_component id="oc-352">
         <name>.text</name>
         <load_address>0x4968</load_address>
         <run_address>0x4968</run_address>
         <size>0x42</size>
         <input_file_ref idref="fl-137"/>
      </object_component>
      <object_component id="oc-37e">
         <name>.text:ADCConfigure_TEMP_uC</name>
         <load_address>0x49ac</load_address>
         <run_address>0x49ac</run_address>
         <size>0x40</size>
         <input_file_ref idref="fl-2"/>
      </object_component>
      <object_component id="oc-2cd">
         <name>.text:FLASH_BUFFER_WRITE</name>
         <load_address>0x49ec</load_address>
         <run_address>0x49ec</run_address>
         <size>0x40</size>
         <input_file_ref idref="fl-2"/>
      </object_component>
      <object_component id="oc-246">
         <name>.text:ADCSequenceConfigure</name>
         <load_address>0x4a2c</load_address>
         <run_address>0x4a2c</run_address>
         <size>0x3e</size>
         <input_file_ref idref="fl-2"/>
      </object_component>
      <object_component id="oc-3bb">
         <name>.text:SSIConfigSetExpClk</name>
         <load_address>0x4a6a</load_address>
         <run_address>0x4a6a</run_address>
         <size>0x3c</size>
         <input_file_ref idref="fl-142"/>
      </object_component>
      <object_component id="oc-323">
         <name>.text:Print_Buffer</name>
         <load_address>0x4aa8</load_address>
         <run_address>0x4aa8</run_address>
         <size>0x38</size>
         <input_file_ref idref="fl-2"/>
      </object_component>
      <object_component id="oc-189">
         <name>.text:Buffer_Clear</name>
         <load_address>0x4ae0</load_address>
         <run_address>0x4ae0</run_address>
         <size>0x34</size>
         <input_file_ref idref="fl-2"/>
      </object_component>
      <object_component id="oc-177">
         <name>.text:CRC_16_Calc</name>
         <load_address>0x4b14</load_address>
         <run_address>0x4b14</run_address>
         <size>0x34</size>
         <input_file_ref idref="fl-2"/>
      </object_component>
      <object_component id="oc-3f1">
         <name>.text:MAV_Filter</name>
         <load_address>0x4b48</load_address>
         <run_address>0x4b48</run_address>
         <size>0x34</size>
         <input_file_ref idref="fl-2"/>
      </object_component>
      <object_component id="oc-23a">
         <name>.text:SysCtlPeripheralEnable</name>
         <load_address>0x4b7c</load_address>
         <run_address>0x4b7c</run_address>
         <size>0x34</size>
         <input_file_ref idref="fl-143"/>
      </object_component>
      <object_component id="oc-3f7">
         <name>.text:prtData</name>
         <load_address>0x4bb0</load_address>
         <run_address>0x4bb0</run_address>
         <size>0x34</size>
         <input_file_ref idref="fl-2"/>
      </object_component>
      <object_component id="oc-3d1">
         <name>.text:Clean_Buffer</name>
         <load_address>0x4be4</load_address>
         <run_address>0x4be4</run_address>
         <size>0x30</size>
         <input_file_ref idref="fl-2"/>
      </object_component>
      <object_component id="oc-156">
         <name>.text:FlashErase</name>
         <load_address>0x4c14</load_address>
         <run_address>0x4c14</run_address>
         <size>0x30</size>
         <input_file_ref idref="fl-13d"/>
      </object_component>
      <object_component id="oc-2e1">
         <name>.text:I2C_DATA_PRINT</name>
         <load_address>0x4c44</load_address>
         <run_address>0x4c44</run_address>
         <size>0x30</size>
         <input_file_ref idref="fl-2"/>
      </object_component>
      <object_component id="oc-18f">
         <name>.text:I2C_DATA_PRINT_R</name>
         <load_address>0x4c74</load_address>
         <run_address>0x4c74</run_address>
         <size>0x30</size>
         <input_file_ref idref="fl-2"/>
      </object_component>
      <object_component id="oc-d2">
         <name>.text:ADCIntStatus</name>
         <load_address>0x4ca4</load_address>
         <run_address>0x4ca4</run_address>
         <size>0x2e</size>
         <input_file_ref idref="fl-2"/>
      </object_component>
      <object_component id="oc-56a">
         <name>.text:uDMAChannelAssign</name>
         <load_address>0x4cd4</load_address>
         <run_address>0x4cd4</run_address>
         <size>0x2c</size>
         <input_file_ref idref="fl-147"/>
      </object_component>
      <object_component id="oc-368">
         <name>.text:GPIODirModeSet</name>
         <load_address>0x4d00</load_address>
         <run_address>0x4d00</run_address>
         <size>0x2a</size>
         <input_file_ref idref="fl-13e"/>
      </object_component>
      <object_component id="oc-115">
         <name>.text:BLUELED_Blink</name>
         <load_address>0x4d2c</load_address>
         <run_address>0x4d2c</run_address>
         <size>0x28</size>
         <input_file_ref idref="fl-2"/>
      </object_component>
      <object_component id="oc-3fd">
         <name>.text:Peak_Detect</name>
         <load_address>0x4d54</load_address>
         <run_address>0x4d54</run_address>
         <size>0x28</size>
         <input_file_ref idref="fl-2"/>
      </object_component>
      <object_component id="oc-ff">
         <name>.text:REDLED_Blink</name>
         <load_address>0x4d7c</load_address>
         <run_address>0x4d7c</run_address>
         <size>0x28</size>
         <input_file_ref idref="fl-2"/>
      </object_component>
      <object_component id="oc-3c">
         <name>.text:IntDefaultHandler</name>
         <load_address>0x4da4</load_address>
         <run_address>0x4da4</run_address>
         <size>0x27</size>
         <input_file_ref idref="fl-3"/>
      </object_component>
      <object_component id="oc-311">
         <name>.text:FlashProtectSave</name>
         <load_address>0x4dcc</load_address>
         <run_address>0x4dcc</run_address>
         <size>0x24</size>
         <input_file_ref idref="fl-13d"/>
      </object_component>
      <object_component id="oc-3df">
         <name>.text:LED_Buffer_Clear</name>
         <load_address>0x4df0</load_address>
         <run_address>0x4df0</run_address>
         <size>0x24</size>
         <input_file_ref idref="fl-2"/>
      </object_component>
      <object_component id="oc-57c">
         <name>.text:uDMAChannelControlSet</name>
         <load_address>0x4e14</load_address>
         <run_address>0x4e14</run_address>
         <size>0x24</size>
         <input_file_ref idref="fl-147"/>
      </object_component>
      <object_component id="oc-36">
         <name>.text:FaultISR</name>
         <load_address>0x4e38</load_address>
         <run_address>0x4e38</run_address>
         <size>0x20</size>
         <input_file_ref idref="fl-3"/>
      </object_component>
      <object_component id="oc-38b">
         <name>.text</name>
         <load_address>0x4e58</load_address>
         <run_address>0x4e58</run_address>
         <size>0x20</size>
         <input_file_ref idref="fl-138"/>
      </object_component>
      <object_component id="oc-26a">
         <name>.text:ADCSequenceDataGet</name>
         <load_address>0x4e78</load_address>
         <run_address>0x4e78</run_address>
         <size>0x1e</size>
         <input_file_ref idref="fl-2"/>
      </object_component>
      <object_component id="oc-136">
         <name>.text:HV_Switch</name>
         <load_address>0x4e98</load_address>
         <run_address>0x4e98</run_address>
         <size>0x1c</size>
         <input_file_ref idref="fl-2"/>
      </object_component>
      <object_component id="oc-72">
         <name>.text:Test</name>
         <load_address>0x4eb4</load_address>
         <run_address>0x4eb4</run_address>
         <size>0x1a</size>
         <input_file_ref idref="fl-2"/>
      </object_component>
      <object_component id="oc-ca">
         <name>.text:UARTprintf</name>
         <load_address>0x4ece</load_address>
         <run_address>0x4ece</run_address>
         <size>0x1a</size>
         <input_file_ref idref="fl-4"/>
      </object_component>
      <object_component id="oc-25e">
         <name>.text:ADCProcessorTrigger</name>
         <load_address>0x4ee8</load_address>
         <run_address>0x4ee8</run_address>
         <size>0x18</size>
         <input_file_ref idref="fl-2"/>
      </object_component>
      <object_component id="oc-3a9">
         <name>.text:GPIOPinTypeGPIOOutput</name>
         <load_address>0x4f00</load_address>
         <run_address>0x4f00</run_address>
         <size>0x18</size>
         <input_file_ref idref="fl-13e"/>
      </object_component>
      <object_component id="oc-b8">
         <name>.text</name>
         <load_address>0x4f18</load_address>
         <run_address>0x4f18</run_address>
         <size>0x18</size>
         <input_file_ref idref="fl-13a"/>
      </object_component>
      <object_component id="oc-588">
         <name>.text:uDMAChannelDisable</name>
         <load_address>0x4f30</load_address>
         <run_address>0x4f30</run_address>
         <size>0x18</size>
         <input_file_ref idref="fl-147"/>
      </object_component>
      <object_component id="oc-220">
         <name>.text:uDMAChannelEnable</name>
         <load_address>0x4f48</load_address>
         <run_address>0x4f48</run_address>
         <size>0x18</size>
         <input_file_ref idref="fl-147"/>
      </object_component>
      <object_component id="oc-214">
         <name>.text:uDMAChannelIsEnabled</name>
         <load_address>0x4f60</load_address>
         <run_address>0x4f60</run_address>
         <size>0x18</size>
         <input_file_ref idref="fl-147"/>
      </object_component>
      <object_component id="oc-592">
         <name>.text:TimerControlEvent</name>
         <load_address>0x4f78</load_address>
         <run_address>0x4f78</run_address>
         <size>0x16</size>
         <input_file_ref idref="fl-145"/>
      </object_component>
      <object_component id="oc-148">
         <name>.text:TimerDisable</name>
         <load_address>0x4f90</load_address>
         <run_address>0x4f90</run_address>
         <size>0x14</size>
         <input_file_ref idref="fl-145"/>
      </object_component>
      <object_component id="oc-33e">
         <name>.text</name>
         <load_address>0x4fa4</load_address>
         <run_address>0x4fa4</run_address>
         <size>0x14</size>
         <input_file_ref idref="fl-139"/>
      </object_component>
      <object_component id="oc-240">
         <name>.text:GPIOPinTypeADC</name>
         <load_address>0x4fb8</load_address>
         <run_address>0x4fb8</run_address>
         <size>0x12</size>
         <input_file_ref idref="fl-13e"/>
      </object_component>
      <object_component id="oc-4e8">
         <name>.text:GPIOPinTypeGPIOInput</name>
         <load_address>0x4fca</load_address>
         <run_address>0x4fca</run_address>
         <size>0x12</size>
         <input_file_ref idref="fl-13e"/>
      </object_component>
      <object_component id="oc-51b">
         <name>.text:GPIOPinTypeI2C</name>
         <load_address>0x4fdc</load_address>
         <run_address>0x4fdc</run_address>
         <size>0x12</size>
         <input_file_ref idref="fl-13e"/>
      </object_component>
      <object_component id="oc-515">
         <name>.text:GPIOPinTypeI2CSCL</name>
         <load_address>0x4fee</load_address>
         <run_address>0x4fee</run_address>
         <size>0x12</size>
         <input_file_ref idref="fl-13e"/>
      </object_component>
      <object_component id="oc-3b5">
         <name>.text:GPIOPinTypeSSI</name>
         <load_address>0x5000</load_address>
         <run_address>0x5000</run_address>
         <size>0x12</size>
         <input_file_ref idref="fl-13e"/>
      </object_component>
      <object_component id="oc-598">
         <name>.text:GPIOPinTypeTimer</name>
         <load_address>0x5012</load_address>
         <run_address>0x5012</run_address>
         <size>0x12</size>
         <input_file_ref idref="fl-13e"/>
      </object_component>
      <object_component id="oc-4fb">
         <name>.text:GPIOPinTypeUART</name>
         <load_address>0x5024</load_address>
         <run_address>0x5024</run_address>
         <size>0x12</size>
         <input_file_ref idref="fl-13e"/>
      </object_component>
      <object_component id="oc-543">
         <name>.text:TimerLoadSet</name>
         <load_address>0x5036</load_address>
         <run_address>0x5036</run_address>
         <size>0x12</size>
         <input_file_ref idref="fl-145"/>
      </object_component>
      <object_component id="oc-52d">
         <name>.text:I2CSlaveEnable</name>
         <load_address>0x5048</load_address>
         <run_address>0x5048</run_address>
         <size>0x10</size>
         <input_file_ref idref="fl-13f"/>
      </object_component>
      <object_component id="oc-527">
         <name>.text:IntMasterEnable</name>
         <load_address>0x5058</load_address>
         <run_address>0x5058</run_address>
         <size>0x10</size>
         <input_file_ref idref="fl-140"/>
      </object_component>
      <object_component id="oc-2c1">
         <name>.text:Reset</name>
         <load_address>0x5068</load_address>
         <run_address>0x5068</run_address>
         <size>0x10</size>
         <input_file_ref idref="fl-2"/>
      </object_component>
      <object_component id="oc-45d">
         <name>.text:SysTickPeriodSet</name>
         <load_address>0x5078</load_address>
         <run_address>0x5078</run_address>
         <size>0x10</size>
         <input_file_ref idref="fl-144"/>
      </object_component>
      <object_component id="oc-55e">
         <name>.text:uDMAEnable</name>
         <load_address>0x5088</load_address>
         <run_address>0x5088</run_address>
         <size>0x10</size>
         <input_file_ref idref="fl-147"/>
      </object_component>
      <object_component id="oc-252">
         <name>.text:ADCHardwareOversampleConfigure</name>
         <load_address>0x5098</load_address>
         <run_address>0x5098</run_address>
         <size>0xe</size>
         <input_file_ref idref="fl-2"/>
      </object_component>
      <object_component id="oc-258">
         <name>.text:ADCSequenceEnable</name>
         <load_address>0x50a6</load_address>
         <run_address>0x50a6</run_address>
         <size>0xe</size>
         <input_file_ref idref="fl-2"/>
      </object_component>
      <object_component id="oc-4cd">
         <name>.text:GPIOIntDisable</name>
         <load_address>0x50b4</load_address>
         <run_address>0x50b4</run_address>
         <size>0xe</size>
         <input_file_ref idref="fl-13e"/>
      </object_component>
      <object_component id="oc-533">
         <name>.text:I2CSlaveInit</name>
         <load_address>0x50c2</load_address>
         <run_address>0x50c2</run_address>
         <size>0xe</size>
         <input_file_ref idref="fl-13f"/>
      </object_component>
      <object_component id="oc-549">
         <name>.text:TimerEnable</name>
         <load_address>0x50d0</load_address>
         <run_address>0x50d0</run_address>
         <size>0xe</size>
         <input_file_ref idref="fl-145"/>
      </object_component>
      <object_component id="oc-12">
         <name>.text:decompress:none</name>
         <load_address>0x50de</load_address>
         <run_address>0x50de</run_address>
         <size>0xe</size>
         <input_file_ref idref="fl-12d"/>
      </object_component>
      <object_component id="oc-5b5">
         <name>.text:CPUcpsie</name>
         <load_address>0x50ec</load_address>
         <run_address>0x50ec</run_address>
         <size>0xc</size>
         <input_file_ref idref="fl-149"/>
      </object_component>
      <object_component id="oc-4f4">
         <name>.text:GPIOIntEnable</name>
         <load_address>0x50f8</load_address>
         <run_address>0x50f8</run_address>
         <size>0xc</size>
         <input_file_ref idref="fl-13e"/>
      </object_component>
      <object_component id="oc-521">
         <name>.text:I2CSlaveIntEnableEx</name>
         <load_address>0x5104</load_address>
         <run_address>0x5104</run_address>
         <size>0xc</size>
         <input_file_ref idref="fl-13f"/>
      </object_component>
      <object_component id="oc-41e">
         <name>.text:WatchdogUnlock</name>
         <load_address>0x5110</load_address>
         <run_address>0x5110</run_address>
         <size>0xc</size>
         <input_file_ref idref="fl-148"/>
      </object_component>
      <object_component id="oc-1e">
         <name>.text:decompress:ZI</name>
         <load_address>0x511c</load_address>
         <run_address>0x511c</run_address>
         <size>0xc</size>
         <input_file_ref idref="fl-12f"/>
      </object_component>
      <object_component id="oc-564">
         <name>.text:uDMAControlBaseSet</name>
         <load_address>0x5128</load_address>
         <run_address>0x5128</run_address>
         <size>0xc</size>
         <input_file_ref idref="fl-147"/>
      </object_component>
      <object_component id="oc-264">
         <name>.text:ADCIntClear</name>
         <load_address>0x5134</load_address>
         <run_address>0x5134</run_address>
         <size>0xa</size>
         <input_file_ref idref="fl-2"/>
      </object_component>
      <object_component id="oc-11b">
         <name>.text:SSIDataPut</name>
         <load_address>0x513e</load_address>
         <run_address>0x513e</run_address>
         <size>0xa</size>
         <input_file_ref idref="fl-142"/>
      </object_component>
      <object_component id="oc-3c1">
         <name>.text:SSIEnable</name>
         <load_address>0x5148</load_address>
         <run_address>0x5148</run_address>
         <size>0xa</size>
         <input_file_ref idref="fl-142"/>
      </object_component>
      <object_component id="oc-e8">
         <name>.text:SSIIntStatus</name>
         <load_address>0x5152</load_address>
         <run_address>0x5152</run_address>
         <size>0xa</size>
         <input_file_ref idref="fl-142"/>
      </object_component>
      <object_component id="oc-14e">
         <name>.text:TimerIntDisable</name>
         <load_address>0x515c</load_address>
         <run_address>0x515c</run_address>
         <size>0xa</size>
         <input_file_ref idref="fl-145"/>
      </object_component>
      <object_component id="oc-430">
         <name>.text:WatchdogEnable</name>
         <load_address>0x5166</load_address>
         <run_address>0x5166</run_address>
         <size>0xa</size>
         <input_file_ref idref="fl-148"/>
      </object_component>
      <object_component id="oc-42a">
         <name>.text:WatchdogResetEnable</name>
         <load_address>0x5170</load_address>
         <run_address>0x5170</run_address>
         <size>0xa</size>
         <input_file_ref idref="fl-148"/>
      </object_component>
      <object_component id="oc-165">
         <name>.text:I2CSlaveIntClear</name>
         <load_address>0x517a</load_address>
         <run_address>0x517a</run_address>
         <size>0x8</size>
         <input_file_ref idref="fl-13f"/>
      </object_component>
      <object_component id="oc-121">
         <name>.text:SSIBusy</name>
         <load_address>0x5182</load_address>
         <run_address>0x5182</run_address>
         <size>0x8</size>
         <input_file_ref idref="fl-142"/>
      </object_component>
      <object_component id="oc-582">
         <name>.text:SSIDMAEnable</name>
         <load_address>0x518a</load_address>
         <run_address>0x518a</run_address>
         <size>0x8</size>
         <input_file_ref idref="fl-142"/>
      </object_component>
      <object_component id="oc-54f">
         <name>.text:TimerIntEnable</name>
         <load_address>0x5192</load_address>
         <run_address>0x5192</run_address>
         <size>0x8</size>
         <input_file_ref idref="fl-145"/>
      </object_component>
      <object_component id="oc-436">
         <name>.text:WatchdogLock</name>
         <load_address>0x519a</load_address>
         <run_address>0x519a</run_address>
         <size>0x8</size>
         <input_file_ref idref="fl-148"/>
      </object_component>
      <object_component id="oc-1a9">
         <name>.text:GPIOIntClear</name>
         <load_address>0x51a2</load_address>
         <run_address>0x51a2</run_address>
         <size>0x6</size>
         <input_file_ref idref="fl-13e"/>
      </object_component>
      <object_component id="oc-3eb">
         <name>.text:GPIOPinRead</name>
         <load_address>0x51a8</load_address>
         <run_address>0x51a8</run_address>
         <size>0x6</size>
         <input_file_ref idref="fl-13e"/>
      </object_component>
      <object_component id="oc-228">
         <name>.text:GPIOPinWrite</name>
         <load_address>0x51ae</load_address>
         <run_address>0x51ae</run_address>
         <size>0x6</size>
         <input_file_ref idref="fl-13e"/>
      </object_component>
      <object_component id="oc-1af">
         <name>.text:HV_Shutdown</name>
         <load_address>0x51b4</load_address>
         <run_address>0x51b4</run_address>
         <size>0x6</size>
         <input_file_ref idref="fl-2"/>
      </object_component>
      <object_component id="oc-171">
         <name>.text:I2CSlaveDataGet</name>
         <load_address>0x51ba</load_address>
         <run_address>0x51ba</run_address>
         <size>0x6</size>
         <input_file_ref idref="fl-13f"/>
      </object_component>
      <object_component id="oc-40c">
         <name>.text:I2CSlaveDataPut</name>
         <load_address>0x51c0</load_address>
         <run_address>0x51c0</run_address>
         <size>0x6</size>
         <input_file_ref idref="fl-13f"/>
      </object_component>
      <object_component id="oc-195">
         <name>.text:I2CSlaveIntClearEx</name>
         <load_address>0x51c6</load_address>
         <run_address>0x51c6</run_address>
         <size>0x6</size>
         <input_file_ref idref="fl-13f"/>
      </object_component>
      <object_component id="oc-16b">
         <name>.text:I2CSlaveStatus</name>
         <load_address>0x51cc</load_address>
         <run_address>0x51cc</run_address>
         <size>0x6</size>
         <input_file_ref idref="fl-13f"/>
      </object_component>
      <object_component id="oc-2a">
         <name>.text:ResetISR</name>
         <load_address>0x51d2</load_address>
         <run_address>0x51d2</run_address>
         <size>0x6</size>
         <input_file_ref idref="fl-3"/>
      </object_component>
      <object_component id="oc-f4">
         <name>.text:SysCtlDelay</name>
         <load_address>0x51d8</load_address>
         <run_address>0x51d8</run_address>
         <size>0x6</size>
         <input_file_ref idref="fl-143"/>
      </object_component>
      <object_component id="oc-501">
         <name>.text:UARTClockSourceSet</name>
         <load_address>0x51de</load_address>
         <run_address>0x51de</run_address>
         <size>0x6</size>
         <input_file_ref idref="fl-146"/>
      </object_component>
      <object_component id="oc-12f">
         <name>.text:WatchdogIntClear</name>
         <load_address>0x51e4</load_address>
         <run_address>0x51e4</run_address>
         <size>0x6</size>
         <input_file_ref idref="fl-148"/>
      </object_component>
      <object_component id="oc-18">
         <name>.text:decompress:rle24</name>
         <load_address>0x51ea</load_address>
         <run_address>0x51ea</run_address>
         <size>0x6</size>
         <input_file_ref idref="fl-12e"/>
      </object_component>
      <object_component id="oc-ee">
         <name>.text:SSIIntClear</name>
         <load_address>0x51f0</load_address>
         <run_address>0x51f0</run_address>
         <size>0x4</size>
         <input_file_ref idref="fl-142"/>
      </object_component>
      <object_component id="oc-10f">
         <name>.text:TimerIntClear</name>
         <load_address>0x51f4</load_address>
         <run_address>0x51f4</run_address>
         <size>0x4</size>
         <input_file_ref idref="fl-145"/>
      </object_component>
      <object_component id="oc-424">
         <name>.text:WatchdogReloadSet</name>
         <load_address>0x51f8</load_address>
         <run_address>0x51f8</run_address>
         <size>0x4</size>
         <input_file_ref idref="fl-148"/>
      </object_component>
      <object_component id="oc-ac">
         <name>.text</name>
         <load_address>0x51fc</load_address>
         <run_address>0x51fc</run_address>
         <size>0x4</size>
         <input_file_ref idref="fl-135"/>
      </object_component>
      <object_component id="oc-4c6">
         <name>.const:g_pui32GPIOBaseAddrs</name>
         <load_address>0x5200</load_address>
         <run_address>0x5200</run_address>
         <size>0x90</size>
         <input_file_ref idref="fl-13e"/>
      </object_component>
      <object_component id="oc-29a">
         <name>.const</name>
         <load_address>0x5290</load_address>
         <run_address>0x5290</run_address>
         <size>0x70</size>
         <input_file_ref idref="fl-140"/>
      </object_component>
      <object_component id="oc-22f">
         <name>.const:g_pui32Xtals</name>
         <load_address>0x5300</load_address>
         <run_address>0x5300</run_address>
         <size>0x6c</size>
         <input_file_ref idref="fl-143"/>
      </object_component>
      <object_component id="oc-440">
         <name>.const:g_pui32FMPPERegs</name>
         <load_address>0x536c</load_address>
         <run_address>0x536c</run_address>
         <size>0x40</size>
         <input_file_ref idref="fl-13d"/>
      </object_component>
      <object_component id="oc-43d">
         <name>.const:g_pui32FMPRERegs</name>
         <load_address>0x53ac</load_address>
         <run_address>0x53ac</run_address>
         <size>0x40</size>
         <input_file_ref idref="fl-13d"/>
      </object_component>
      <object_component id="oc-5ad">
         <name>.const</name>
         <load_address>0x53ec</load_address>
         <run_address>0x53ec</run_address>
         <size>0x1c</size>
         <input_file_ref idref="fl-4"/>
      </object_component>
      <object_component id="oc-5d2">
         <name>.const:.string</name>
         <load_address>0x5408</load_address>
         <run_address>0x5408</run_address>
         <size>0x12</size>
         <input_file_ref idref="fl-4"/>
      </object_component>
      <object_component id="oc-5f9">
         <name>.cinit..data.load</name>
         <load_address>0x5420</load_address>
         <run_address>0x5420</run_address>
         <size>0x239d</size>
      </object_component>
      <object_component id="oc-5f7">
         <name>__TI_handler_table</name>
         <load_address>0x77c0</load_address>
         <run_address>0x77c0</run_address>
         <size>0xc</size>
      </object_component>
      <object_component id="oc-5fa">
         <name>.cinit..bss.load</name>
         <load_address>0x77d0</load_address>
         <run_address>0x77d0</run_address>
         <size>0x8</size>
      </object_component>
      <object_component id="oc-5f8">
         <name>__TI_cinit_table</name>
         <load_address>0x77d8</load_address>
         <run_address>0x77d8</run_address>
         <size>0x10</size>
      </object_component>
      <object_component id="oc-29">
         <name>.stack</name>
         <uninitialized>true</uninitialized>
         <run_address>0x200034f8</run_address>
         <size>0x0</size>
         <input_file_ref idref="fl-12c"/>
      </object_component>
      <object_component id="oc-5fb">
         <name>.stack</name>
         <uninitialized>true</uninitialized>
         <run_address>0x200034f8</run_address>
         <size>0x0</size>
      </object_component>
      <object_component id="oc-58e">
         <name>.bss:ui8ControlTable</name>
         <uninitialized>true</uninitialized>
         <run_address>0x20005c00</run_address>
         <size>0x400</size>
         <input_file_ref idref="fl-2"/>
      </object_component>
      <object_component id="oc-1a1">
         <name>.bss:g_ui32DataRx</name>
         <uninitialized>true</uninitialized>
         <run_address>0x2000608c</run_address>
         <size>0x8c</size>
         <input_file_ref idref="fl-2"/>
      </object_component>
      <object_component id="oc-2d4">
         <name>.bss:g_ui32DataTx</name>
         <uninitialized>true</uninitialized>
         <run_address>0x20006118</run_address>
         <size>0x8c</size>
         <input_file_ref idref="fl-2"/>
      </object_component>
      <object_component id="oc-2d7">
         <name>.bss:FLSH_WR</name>
         <uninitialized>true</uninitialized>
         <run_address>0x20005800</run_address>
         <size>0x400</size>
         <input_file_ref idref="fl-2"/>
      </object_component>
      <object_component id="oc-272">
         <name>.bss:BF</name>
         <uninitialized>true</uninitialized>
         <run_address>0x200061a4</run_address>
         <size>0x3c</size>
         <input_file_ref idref="fl-2"/>
      </object_component>
      <object_component id="oc-2b8">
         <name>.bss:Data</name>
         <uninitialized>true</uninitialized>
         <run_address>0x20006000</run_address>
         <size>0x8c</size>
         <input_file_ref idref="fl-2"/>
      </object_component>
      <object_component id="oc-403">
         <name>.bss:LED_data</name>
         <uninitialized>true</uninitialized>
         <run_address>0x20003800</run_address>
         <size>0x2000</size>
         <input_file_ref idref="fl-2"/>
      </object_component>
      <object_component id="oc-39a">
         <name>.common:ADC_VALUE</name>
         <uninitialized>true</uninitialized>
         <run_address>0x200061fc</run_address>
         <size>0x4</size>
      </object_component>
      <object_component id="oc-127">
         <name>.common:packet_sequence_count</name>
         <uninitialized>true</uninitialized>
         <run_address>0x20006234</run_address>
         <size>0x2</size>
      </object_component>
      <object_component id="oc-df">
         <name>.common:frame</name>
         <uninitialized>true</uninitialized>
         <run_address>0x2000623f</run_address>
         <size>0x1</size>
      </object_component>
      <object_component id="oc-dc">
         <name>.common:anticoincidence</name>
         <uninitialized>true</uninitialized>
         <run_address>0x2000620c</run_address>
         <size>0x4</size>
      </object_component>
      <object_component id="oc-e6">
         <name>.common:coincidence</name>
         <uninitialized>true</uninitialized>
         <run_address>0x20006210</run_address>
         <size>0x4</size>
      </object_component>
      <object_component id="oc-dd">
         <name>.common:ulADC0_Value</name>
         <uninitialized>true</uninitialized>
         <run_address>0x20006236</run_address>
         <size>0x2</size>
      </object_component>
      <object_component id="oc-de">
         <name>.common:ulADC1_Value</name>
         <uninitialized>true</uninitialized>
         <run_address>0x20006238</run_address>
         <size>0x2</size>
      </object_component>
      <object_component id="oc-e2">
         <name>.common:x</name>
         <uninitialized>true</uninitialized>
         <run_address>0x20006246</run_address>
         <size>0x1</size>
      </object_component>
      <object_component id="oc-e3">
         <name>.common:y</name>
         <uninitialized>true</uninitialized>
         <run_address>0x20006247</run_address>
         <size>0x1</size>
      </object_component>
      <object_component id="oc-e4">
         <name>.common:temp</name>
         <uninitialized>true</uninitialized>
         <run_address>0x20006244</run_address>
         <size>0x1</size>
      </object_component>
      <object_component id="oc-e5">
         <name>.common:trial2</name>
         <uninitialized>true</uninitialized>
         <run_address>0x20006228</run_address>
         <size>0x4</size>
      </object_component>
      <object_component id="oc-e1">
         <name>.common:science_data_mode</name>
         <uninitialized>true</uninitialized>
         <run_address>0x20006243</run_address>
         <size>0x1</size>
      </object_component>
      <object_component id="oc-fc">
         <name>.common:transfer</name>
         <uninitialized>true</uninitialized>
         <run_address>0x20006245</run_address>
         <size>0x1</size>
      </object_component>
      <object_component id="oc-e0">
         <name>.common:ptr1</name>
         <uninitialized>true</uninitialized>
         <run_address>0x2000621c</run_address>
         <size>0x4</size>
      </object_component>
      <object_component id="oc-226">
         <name>.common:ptr2</name>
         <uninitialized>true</uninitialized>
         <run_address>0x20006220</run_address>
         <size>0x4</size>
      </object_component>
      <object_component id="oc-287">
         <name>.common:pyld_status</name>
         <uninitialized>true</uninitialized>
         <run_address>0x20006242</run_address>
         <size>0x1</size>
      </object_component>
      <object_component id="oc-fd">
         <name>.common:SPI</name>
         <uninitialized>true</uninitialized>
         <run_address>0x2000623b</run_address>
         <size>0x1</size>
      </object_component>
      <object_component id="oc-335">
         <name>.common:loop_counter</name>
         <uninitialized>true</uninitialized>
         <run_address>0x20006214</run_address>
         <size>0x4</size>
      </object_component>
      <object_component id="oc-47c">
         <name>.common:FL_TEMP1</name>
         <uninitialized>true</uninitialized>
         <run_address>0x200061e0</run_address>
         <size>0x10</size>
      </object_component>
      <object_component id="oc-163">
         <name>.common:mode_change</name>
         <uninitialized>true</uninitialized>
         <run_address>0x20006240</run_address>
         <size>0x1</size>
      </object_component>
      <object_component id="oc-154">
         <name>.common:high_voltage</name>
         <uninitialized>true</uninitialized>
         <run_address>0x20006230</run_address>
         <size>0x2</size>
      </object_component>
      <object_component id="oc-288">
         <name>.common:low_voltage</name>
         <uninitialized>true</uninitialized>
         <run_address>0x20006232</run_address>
         <size>0x2</size>
      </object_component>
      <object_component id="oc-2b7">
         <name>.common:Command</name>
         <uninitialized>true</uninitialized>
         <run_address>0x2000623a</run_address>
         <size>0x1</size>
      </object_component>
      <object_component id="oc-2b5">
         <name>.common:TCPSC</name>
         <uninitialized>true</uninitialized>
         <run_address>0x2000623d</run_address>
         <size>0x1</size>
      </object_component>
      <object_component id="oc-2b6">
         <name>.common:Service</name>
         <uninitialized>true</uninitialized>
         <run_address>0x2000623c</run_address>
         <size>0x1</size>
      </object_component>
      <object_component id="oc-162">
         <name>.common:FL_TEMP</name>
         <uninitialized>true</uninitialized>
         <run_address>0x200061f0</run_address>
         <size>0xc</size>
      </object_component>
      <object_component id="oc-1a5">
         <name>.common:pia</name>
         <uninitialized>true</uninitialized>
         <run_address>0x20006218</run_address>
         <size>0x4</size>
      </object_component>
      <object_component id="oc-2d3">
         <name>.common:siv</name>
         <uninitialized>true</uninitialized>
         <run_address>0x20006224</run_address>
         <size>0x4</size>
      </object_component>
      <object_component id="oc-1a4">
         <name>.common:I2C_FLAG</name>
         <uninitialized>true</uninitialized>
         <run_address>0x20006200</run_address>
         <size>0x4</size>
      </object_component>
      <object_component id="oc-270">
         <name>.common:TP</name>
         <uninitialized>true</uninitialized>
         <run_address>0x20006204</run_address>
         <size>0x4</size>
      </object_component>
      <object_component id="oc-271">
         <name>.common:TP1</name>
         <uninitialized>true</uninitialized>
         <run_address>0x20006208</run_address>
         <size>0x4</size>
      </object_component>
      <object_component id="oc-fb">
         <name>.common:ui32Status</name>
         <uninitialized>true</uninitialized>
         <run_address>0x2000622c</run_address>
         <size>0x4</size>
      </object_component>
      <object_component id="oc-d8">
         <name>.common:prev_coincidence</name>
         <uninitialized>true</uninitialized>
         <run_address>0x20006241</run_address>
         <size>0x1</size>
      </object_component>
      <object_component id="oc-db">
         <name>.common:flag1</name>
         <uninitialized>true</uninitialized>
         <run_address>0x2000623e</run_address>
         <size>0x1</size>
      </object_component>
      <object_component id="oc-10b">
         <name>.data</name>
         <load_address>0x20003480</load_address>
         <run_address>0x20003480</run_address>
         <size>0x5b</size>
         <input_file_ref idref="fl-2"/>
      </object_component>
      <object_component id="oc-475">
         <name>.data:buffer1</name>
         <load_address>0x20000000</load_address>
         <run_address>0x20000000</run_address>
         <size>0x1a40</size>
         <input_file_ref idref="fl-2"/>
      </object_component>
      <object_component id="oc-478">
         <name>.data:buffer2</name>
         <load_address>0x20001a40</load_address>
         <run_address>0x20001a40</run_address>
         <size>0x1a40</size>
         <input_file_ref idref="fl-2"/>
      </object_component>
      <object_component id="oc-4a8">
         <name>.data</name>
         <load_address>0x200034ec</load_address>
         <run_address>0x200034ec</run_address>
         <size>0x5</size>
         <input_file_ref idref="fl-4"/>
      </object_component>
      <object_component id="oc-1e9">
         <name>.data</name>
         <load_address>0x200034e4</load_address>
         <run_address>0x200034e4</run_address>
         <size>0x8</size>
         <input_file_ref idref="fl-130"/>
      </object_component>
      <object_component id="oc-c4">
         <name>.data</name>
         <load_address>0x200034f4</load_address>
         <run_address>0x200034f4</run_address>
         <size>0x4</size>
         <input_file_ref idref="fl-136"/>
      </object_component>
      <object_component id="oc-1e6">
         <name>.data</name>
         <load_address>0x200034dc</load_address>
         <run_address>0x200034dc</run_address>
         <size>0x8</size>
         <input_file_ref idref="fl-139"/>
      </object_component>
      <object_component id="oc-d9">
         <name>.debug_info</name>
         <load_address>0x0</load_address>
         <run_address>0x0</run_address>
         <size>0x184f</size>
         <input_file_ref idref="fl-2"/>
      </object_component>
      <object_component id="oc-10c">
         <name>.debug_info</name>
         <load_address>0x184f</load_address>
         <run_address>0x184f</run_address>
         <size>0x620</size>
         <input_file_ref idref="fl-2"/>
      </object_component>
      <object_component id="oc-58f">
         <name>.debug_info</name>
         <load_address>0x1e6f</load_address>
         <run_address>0x1e6f</run_address>
         <size>0xc4</size>
         <input_file_ref idref="fl-2"/>
      </object_component>
      <object_component id="oc-476">
         <name>.debug_info</name>
         <load_address>0x1f33</load_address>
         <run_address>0x1f33</run_address>
         <size>0xb4</size>
         <input_file_ref idref="fl-2"/>
      </object_component>
      <object_component id="oc-479">
         <name>.debug_info</name>
         <load_address>0x1fe7</load_address>
         <run_address>0x1fe7</run_address>
         <size>0xb4</size>
         <input_file_ref idref="fl-2"/>
      </object_component>
      <object_component id="oc-1a2">
         <name>.debug_info</name>
         <load_address>0x209b</load_address>
         <run_address>0x209b</run_address>
         <size>0xbe</size>
         <input_file_ref idref="fl-2"/>
      </object_component>
      <object_component id="oc-2d5">
         <name>.debug_info</name>
         <load_address>0x2159</load_address>
         <run_address>0x2159</run_address>
         <size>0xbe</size>
         <input_file_ref idref="fl-2"/>
      </object_component>
      <object_component id="oc-2d8">
         <name>.debug_info</name>
         <load_address>0x2217</load_address>
         <run_address>0x2217</run_address>
         <size>0xb4</size>
         <input_file_ref idref="fl-2"/>
      </object_component>
      <object_component id="oc-273">
         <name>.debug_info</name>
         <load_address>0x22cb</load_address>
         <run_address>0x22cb</run_address>
         <size>0xaa</size>
         <input_file_ref idref="fl-2"/>
      </object_component>
      <object_component id="oc-2b9">
         <name>.debug_info</name>
         <load_address>0x2375</load_address>
         <run_address>0x2375</run_address>
         <size>0xae</size>
         <input_file_ref idref="fl-2"/>
      </object_component>
      <object_component id="oc-404">
         <name>.debug_info</name>
         <load_address>0x2423</load_address>
         <run_address>0x2423</run_address>
         <size>0xb6</size>
         <input_file_ref idref="fl-2"/>
      </object_component>
      <object_component id="oc-247">
         <name>.debug_info</name>
         <load_address>0x24d9</load_address>
         <run_address>0x24d9</run_address>
         <size>0x249</size>
         <input_file_ref idref="fl-2"/>
      </object_component>
      <object_component id="oc-24d">
         <name>.debug_info</name>
         <load_address>0x2722</load_address>
         <run_address>0x2722</run_address>
         <size>0x256</size>
         <input_file_ref idref="fl-2"/>
      </object_component>
      <object_component id="oc-259">
         <name>.debug_info</name>
         <load_address>0x2978</load_address>
         <run_address>0x2978</run_address>
         <size>0x1c3</size>
         <input_file_ref idref="fl-2"/>
      </object_component>
      <object_component id="oc-265">
         <name>.debug_info</name>
         <load_address>0x2b3b</load_address>
         <run_address>0x2b3b</run_address>
         <size>0x1b7</size>
         <input_file_ref idref="fl-2"/>
      </object_component>
      <object_component id="oc-37f">
         <name>.debug_info</name>
         <load_address>0x2cf2</load_address>
         <run_address>0x2cf2</run_address>
         <size>0x18c</size>
         <input_file_ref idref="fl-2"/>
      </object_component>
      <object_component id="oc-25f">
         <name>.debug_info</name>
         <load_address>0x2e7e</load_address>
         <run_address>0x2e7e</run_address>
         <size>0x1c7</size>
         <input_file_ref idref="fl-2"/>
      </object_component>
      <object_component id="oc-d3">
         <name>.debug_info</name>
         <load_address>0x3045</load_address>
         <run_address>0x3045</run_address>
         <size>0x20a</size>
         <input_file_ref idref="fl-2"/>
      </object_component>
      <object_component id="oc-26b">
         <name>.debug_info</name>
         <load_address>0x324f</load_address>
         <run_address>0x324f</run_address>
         <size>0x222</size>
         <input_file_ref idref="fl-2"/>
      </object_component>
      <object_component id="oc-276">
         <name>.debug_info</name>
         <load_address>0x3471</load_address>
         <run_address>0x3471</run_address>
         <size>0x1bc</size>
         <input_file_ref idref="fl-2"/>
      </object_component>
      <object_component id="oc-3f8">
         <name>.debug_info</name>
         <load_address>0x362d</load_address>
         <run_address>0x362d</run_address>
         <size>0xf5</size>
         <input_file_ref idref="fl-2"/>
      </object_component>
      <object_component id="oc-306">
         <name>.debug_info</name>
         <load_address>0x3722</load_address>
         <run_address>0x3722</run_address>
         <size>0x19b</size>
         <input_file_ref idref="fl-2"/>
      </object_component>
      <object_component id="oc-3cc">
         <name>.debug_info</name>
         <load_address>0x38bd</load_address>
         <run_address>0x38bd</run_address>
         <size>0x226</size>
         <input_file_ref idref="fl-2"/>
      </object_component>
      <object_component id="oc-3d2">
         <name>.debug_info</name>
         <load_address>0x3ae3</load_address>
         <run_address>0x3ae3</run_address>
         <size>0xf5</size>
         <input_file_ref idref="fl-2"/>
      </object_component>
      <object_component id="oc-3d8">
         <name>.debug_info</name>
         <load_address>0x3bd8</load_address>
         <run_address>0x3bd8</run_address>
         <size>0x27e</size>
         <input_file_ref idref="fl-2"/>
      </object_component>
      <object_component id="oc-2bc">
         <name>.debug_info</name>
         <load_address>0x3e56</load_address>
         <run_address>0x3e56</run_address>
         <size>0x1e3</size>
         <input_file_ref idref="fl-2"/>
      </object_component>
      <object_component id="oc-446">
         <name>.debug_info</name>
         <load_address>0x4039</load_address>
         <run_address>0x4039</run_address>
         <size>0x5db</size>
         <input_file_ref idref="fl-2"/>
      </object_component>
      <object_component id="oc-44c">
         <name>.debug_info</name>
         <load_address>0x4614</load_address>
         <run_address>0x4614</run_address>
         <size>0x1a4</size>
         <input_file_ref idref="fl-2"/>
      </object_component>
      <object_component id="oc-452">
         <name>.debug_info</name>
         <load_address>0x47b8</load_address>
         <run_address>0x47b8</run_address>
         <size>0x192</size>
         <input_file_ref idref="fl-2"/>
      </object_component>
      <object_component id="oc-458">
         <name>.debug_info</name>
         <load_address>0x494a</load_address>
         <run_address>0x494a</run_address>
         <size>0x240</size>
         <input_file_ref idref="fl-2"/>
      </object_component>
      <object_component id="oc-464">
         <name>.debug_info</name>
         <load_address>0x4b8a</load_address>
         <run_address>0x4b8a</run_address>
         <size>0x2b0</size>
         <input_file_ref idref="fl-2"/>
      </object_component>
      <object_component id="oc-46a">
         <name>.debug_info</name>
         <load_address>0x4e3a</load_address>
         <run_address>0x4e3a</run_address>
         <size>0x18c</size>
         <input_file_ref idref="fl-2"/>
      </object_component>
      <object_component id="oc-253">
         <name>.debug_info</name>
         <load_address>0x4fc6</load_address>
         <run_address>0x4fc6</run_address>
         <size>0x1e4</size>
         <input_file_ref idref="fl-2"/>
      </object_component>
      <object_component id="oc-386">
         <name>.debug_info</name>
         <load_address>0x51aa</load_address>
         <run_address>0x51aa</run_address>
         <size>0x1b5</size>
         <input_file_ref idref="fl-2"/>
      </object_component>
      <object_component id="oc-282">
         <name>.debug_info</name>
         <load_address>0x535f</load_address>
         <run_address>0x535f</run_address>
         <size>0x26f</size>
         <input_file_ref idref="fl-2"/>
      </object_component>
      <object_component id="oc-27c">
         <name>.debug_info</name>
         <load_address>0x55ce</load_address>
         <run_address>0x55ce</run_address>
         <size>0x20d</size>
         <input_file_ref idref="fl-2"/>
      </object_component>
      <object_component id="oc-470">
         <name>.debug_info</name>
         <load_address>0x57db</load_address>
         <run_address>0x57db</run_address>
         <size>0x85f</size>
         <input_file_ref idref="fl-2"/>
      </object_component>
      <object_component id="oc-318">
         <name>.debug_info</name>
         <load_address>0x603a</load_address>
         <run_address>0x603a</run_address>
         <size>0x202</size>
         <input_file_ref idref="fl-2"/>
      </object_component>
      <object_component id="oc-31e">
         <name>.debug_info</name>
         <load_address>0x623c</load_address>
         <run_address>0x623c</run_address>
         <size>0x2ff</size>
         <input_file_ref idref="fl-2"/>
      </object_component>
      <object_component id="oc-324">
         <name>.debug_info</name>
         <load_address>0x653b</load_address>
         <run_address>0x653b</run_address>
         <size>0x117</size>
         <input_file_ref idref="fl-2"/>
      </object_component>
      <object_component id="oc-480">
         <name>.debug_info</name>
         <load_address>0x6652</load_address>
         <run_address>0x6652</run_address>
         <size>0x24a</size>
         <input_file_ref idref="fl-2"/>
      </object_component>
      <object_component id="oc-486">
         <name>.debug_info</name>
         <load_address>0x689c</load_address>
         <run_address>0x689c</run_address>
         <size>0x219</size>
         <input_file_ref idref="fl-2"/>
      </object_component>
      <object_component id="oc-48c">
         <name>.debug_info</name>
         <load_address>0x6ab5</load_address>
         <run_address>0x6ab5</run_address>
[...]
         <object_component_ref idref="oc-10b"/>
      </symbol>
      <symbol id="sm-6e0">
         <name>SCI_Timer_INT_Handler</name>
         <value>0x2891</value>
         <object_component_ref idref="oc-54"/>
      </symbol>
      <symbol id="sm-6e1">
         <name>CTime</name>
         <value>0x20003498</value>
         <object_component_ref idref="oc-10b"/>
      </symbol>
      <symbol id="sm-6e2">
         <name>WTCT</name>
         <value>0x200034d7</value>
         <object_component_ref idref="oc-10b"/>
      </symbol>
      <symbol id="sm-6e3">
         <name>ED_ADDR</name>
         <value>0x200034aa</value>
         <object_component_ref idref="oc-10b"/>
      </symbol>
      <symbol id="sm-6e4">
         <name>Current_DAC_Value</name>
         <value>0x2000348e</value>
         <object_component_ref idref="oc-10b"/>
      </symbol>
      <symbol id="sm-71e">
         <name>ResetISR</name>
         <value>0x51d3</value>
         <object_component_ref idref="oc-2a"/>
      </symbol>
      <symbol id="sm-71f">
         <name>g_pfnVectors</name>
         <value>0x0</value>
         <object_component_ref idref="oc-f"/>
      </symbol>
      <symbol id="sm-78d">
         <name>UARTStdioConfig</name>
         <value>0x4101</value>
         <object_component_ref idref="oc-507"/>
      </symbol>
      <symbol id="sm-78e">
         <name>UARTwrite</name>
         <value>0x4739</value>
         <object_component_ref idref="oc-34c"/>
      </symbol>
      <symbol id="sm-78f">
         <name>UARTprintf</name>
         <value>0x4ecf</value>
         <object_component_ref idref="oc-ca"/>
      </symbol>
      <symbol id="sm-790">
         <name>UARTvprintf</name>
         <value>0x1f15</value>
         <object_component_ref idref="oc-1f1"/>
      </symbol>
      <symbol id="sm-7a2">
         <name>_c_int00</name>
         <value>0x4529</value>
         <object_component_ref idref="oc-24"/>
      </symbol>
      <symbol id="sm-7a3">
         <name>__stack</name>
         <value>0x200034f8</value>
         <object_component_ref idref="oc-29"/>
      </symbol>
      <symbol id="sm-7ba">
         <name>__TI_decompress_none</name>
         <value>0x50df</value>
         <object_component_ref idref="oc-12"/>
      </symbol>
      <symbol id="sm-7e2">
         <name>__TI_decompress_rle24</name>
         <value>0x51eb</value>
         <object_component_ref idref="oc-18"/>
      </symbol>
      <symbol id="sm-7f4">
         <name>__TI_zero_init</name>
         <value>0x511d</value>
         <object_component_ref idref="oc-1e"/>
      </symbol>
      <symbol id="sm-813">
         <name>C$$EXIT</name>
         <value>0x48e1</value>
         <object_component_ref idref="oc-be"/>
      </symbol>
      <symbol id="sm-814">
         <name>abort</name>
         <value>0x48e5</value>
         <object_component_ref idref="oc-be"/>
      </symbol>
      <symbol id="sm-815">
         <name>exit</name>
         <value>0x48ed</value>
         <object_component_ref idref="oc-be"/>
      </symbol>
      <symbol id="sm-816">
         <name>__TI_dtors_ptr</name>
         <value>0x200034e8</value>
         <object_component_ref idref="oc-1e9"/>
      </symbol>
      <symbol id="sm-817">
         <name>__TI_cleanup_ptr</name>
         <value>0x200034e4</value>
         <object_component_ref idref="oc-1e9"/>
      </symbol>
      <symbol id="sm-82e">
         <name>__aeabi_dmul</name>
         <value>0x2cc5</value>
         <object_component_ref idref="oc-390"/>
      </symbol>
      <symbol id="sm-83b">
         <name>__aeabi_d2uiz</name>
         <value>0x4925</value>
         <object_component_ref idref="oc-395"/>
      </symbol>
      <symbol id="sm-856">
         <name>memcpy</name>
         <value>0x3845</value>
         <object_component_ref idref="oc-87"/>
      </symbol>
      <symbol id="sm-857">
         <name>__aeabi_memcpy</name>
         <value>0x3845</value>
         <object_component_ref idref="oc-87"/>
      </symbol>
      <symbol id="sm-858">
         <name>__aeabi_memcpy8</name>
         <value>0x3845</value>
         <object_component_ref idref="oc-87"/>
      </symbol>
      <symbol id="sm-859">
         <name>__aeabi_memcpy4</name>
         <value>0x3845</value>
         <object_component_ref idref="oc-87"/>
      </symbol>
      <symbol id="sm-868">
         <name>__aeabi_memset</name>
         <value>0x3d35</value>
         <object_component_ref idref="oc-a0"/>
      </symbol>
      <symbol id="sm-869">
         <name>memset</name>
         <value>0x3d3b</value>
         <object_component_ref idref="oc-a0"/>
      </symbol>
      <symbol id="sm-86a">
         <name>__aeabi_memset8</name>
         <value>0x3d35</value>
         <object_component_ref idref="oc-a0"/>
      </symbol>
      <symbol id="sm-86b">
         <name>__aeabi_memset4</name>
         <value>0x3d35</value>
         <object_component_ref idref="oc-a0"/>
      </symbol>
      <symbol id="sm-86c">
         <name>__aeabi_memclr8</name>
         <value>0x3d33</value>
         <object_component_ref idref="oc-a0"/>
      </symbol>
      <symbol id="sm-86d">
         <name>__aeabi_memclr4</name>
         <value>0x3d33</value>
         <object_component_ref idref="oc-a0"/>
      </symbol>
      <symbol id="sm-86e">
         <name>__aeabi_memclr</name>
         <value>0x3d33</value>
         <object_component_ref idref="oc-a0"/>
      </symbol>
      <symbol id="sm-878">
         <name>_system_pre_init</name>
         <value>0x51fd</value>
         <object_component_ref idref="oc-ac"/>
      </symbol>
      <symbol id="sm-880">
         <name>main_func_sp</name>
         <value>0x200034f4</value>
         <object_component_ref idref="oc-c4"/>
      </symbol>
      <symbol id="sm-893">
         <name>__aeabi_uidivmod</name>
         <value>0x4969</value>
         <object_component_ref idref="oc-352"/>
      </symbol>
      <symbol id="sm-894">
         <name>__aeabi_uidiv</name>
         <value>0x4969</value>
         <object_component_ref idref="oc-352"/>
      </symbol>
      <symbol id="sm-8a0">
         <name>__aeabi_ui2d</name>
         <value>0x4e59</value>
         <object_component_ref idref="oc-38b"/>
      </symbol>
      <symbol id="sm-8b9">
         <name>_nop</name>
         <value>0x4fb3</value>
         <object_component_ref idref="oc-33e"/>
      </symbol>
      <symbol id="sm-8ba">
         <name>_lock</name>
         <value>0x200034dc</value>
         <object_component_ref idref="oc-1e6"/>
      </symbol>
      <symbol id="sm-8bb">
         <name>_unlock</name>
         <value>0x200034e0</value>
         <object_component_ref idref="oc-1e6"/>
      </symbol>
      <symbol id="sm-8bc">
         <name>_register_lock</name>
         <value>0x4fab</value>
         <object_component_ref idref="oc-33e"/>
      </symbol>
      <symbol id="sm-8bd">
         <name>_register_unlock</name>
         <value>0x4fa5</value>
         <object_component_ref idref="oc-33e"/>
      </symbol>
      <symbol id="sm-8d2">
         <name>_args_main</name>
         <value>0x4f19</value>
         <object_component_ref idref="oc-b8"/>
      </symbol>
      <symbol id="sm-8f8">
         <name>__TI_auto_init</name>
         <value>0x3e95</value>
         <object_component_ref idref="oc-b2"/>
      </symbol>
      <symbol id="sm-912">
         <name>copy_in</name>
         <value>0x465d</value>
         <object_component_ref idref="oc-1d6"/>
      </symbol>
      <symbol id="sm-961">
         <name>FlashErase</name>
         <value>0x4c15</value>
         <object_component_ref idref="oc-156"/>
      </symbol>
      <symbol id="sm-962">
         <name>FlashProtectSave</name>
         <value>0x4dcd</value>
         <object_component_ref idref="oc-311"/>
      </symbol>
      <symbol id="sm-963">
         <name>FlashProgram</name>
         <value>0x403d</value>
         <object_component_ref idref="oc-15c"/>
      </symbol>
      <symbol id="sm-964">
         <name>FlashProtectSet</name>
         <value>0x41bd</value>
         <object_component_ref idref="oc-30b"/>
      </symbol>
      <symbol id="sm-9fe">
         <name>GPIOPinConfigure</name>
         <value>0x46a9</value>
         <object_component_ref idref="oc-3af"/>
      </symbol>
      <symbol id="sm-9ff">
         <name>GPIOPinTypeI2CSCL</name>
         <value>0x4fef</value>
         <object_component_ref idref="oc-515"/>
      </symbol>
      <symbol id="sm-a00">
         <name>GPIOIntDisable</name>
         <value>0x50b5</value>
         <object_component_ref idref="oc-4cd"/>
      </symbol>
      <symbol id="sm-a01">
         <name>GPIOIntEnable</name>
         <value>0x50f9</value>
         <object_component_ref idref="oc-4f4"/>
      </symbol>
      <symbol id="sm-a02">
         <name>GPIOPinTypeI2C</name>
         <value>0x4fdd</value>
         <object_component_ref idref="oc-51b"/>
      </symbol>
      <symbol id="sm-a03">
         <name>GPIOIntTypeSet</name>
         <value>0x4431</value>
         <object_component_ref idref="oc-4ee"/>
      </symbol>
      <symbol id="sm-a04">
         <name>GPIOPinTypeADC</name>
         <value>0x4fb9</value>
         <object_component_ref idref="oc-240"/>
      </symbol>
      <symbol id="sm-a05">
         <name>GPIOPinTypeGPIOInput</name>
         <value>0x4fcb</value>
         <object_component_ref idref="oc-4e8"/>
      </symbol>
      <symbol id="sm-a06">
         <name>GPIOIntClear</name>
         <value>0x51a3</value>
         <object_component_ref idref="oc-1a9"/>
      </symbol>
      <symbol id="sm-a07">
         <name>GPIOPinTypeUART</name>
         <value>0x5025</value>
         <object_component_ref idref="oc-4fb"/>
      </symbol>
      <symbol id="sm-a08">
         <name>GPIOPinTypeGPIOOutput</name>
         <value>0x4f01</value>
         <object_component_ref idref="oc-3a9"/>
      </symbol>
      <symbol id="sm-a09">
         <name>GPIOPinRead</name>
         <value>0x51a9</value>
         <object_component_ref idref="oc-3eb"/>
      </symbol>
      <symbol id="sm-a0a">
         <name>GPIODirModeSet</name>
         <value>0x4d01</value>
         <object_component_ref idref="oc-368"/>
      </symbol>
      <symbol id="sm-a0b">
         <name>GPIOPinWrite</name>
         <value>0x51af</value>
         <object_component_ref idref="oc-228"/>
      </symbol>
      <symbol id="sm-a0c">
         <name>GPIOPadConfigSet</name>
         <value>0x2761</value>
         <object_component_ref idref="oc-36e"/>
      </symbol>
      <symbol id="sm-a0d">
         <name>GPIOPinTypeSSI</name>
         <value>0x5001</value>
         <object_component_ref idref="oc-3b5"/>
      </symbol>
      <symbol id="sm-a0e">
         <name>GPIOPinTypeTimer</name>
         <value>0x5013</value>
         <object_component_ref idref="oc-598"/>
      </symbol>
      <symbol id="sm-a53">
         <name>I2CSlaveIntClear</name>
         <value>0x517b</value>
         <object_component_ref idref="oc-165"/>
      </symbol>
      <symbol id="sm-a54">
         <name>I2CSlaveIntEnableEx</name>
         <value>0x5105</value>
         <object_component_ref idref="oc-521"/>
      </symbol>
      <symbol id="sm-a55">
         <name>I2CSlaveIntClearEx</name>
         <value>0x51c7</value>
         <object_component_ref idref="oc-195"/>
      </symbol>
      <symbol id="sm-a56">
         <name>I2CSlaveDataGet</name>
         <value>0x51bb</value>
         <object_component_ref idref="oc-171"/>
      </symbol>
      <symbol id="sm-a57">
         <name>I2CSlaveEnable</name>
         <value>0x5049</value>
         <object_component_ref idref="oc-52d"/>
      </symbol>
      <symbol id="sm-a58">
         <name>I2CSlaveDataPut</name>
         <value>0x51c1</value>
         <object_component_ref idref="oc-40c"/>
      </symbol>
      <symbol id="sm-a59">
         <name>I2CSlaveStatus</name>
         <value>0x51cd</value>
         <object_component_ref idref="oc-16b"/>
      </symbol>
      <symbol id="sm-a5a">
         <name>I2CSlaveInit</name>
         <value>0x50c3</value>
         <object_component_ref idref="oc-533"/>
      </symbol>
      <symbol id="sm-aad">
         <name>IntPendClear</name>
         <value>0x46f1</value>
         <object_component_ref idref="oc-19b"/>
      </symbol>
      <symbol id="sm-aae">
         <name>IntEnable</name>
         <value>0x3fd5</value>
         <object_component_ref idref="oc-20e"/>
      </symbol>
      <symbol id="sm-aaf">
         <name>IntDisable</name>
         <value>0x3f6d</value>
         <object_component_ref idref="oc-142"/>
      </symbol>
      <symbol id="sm-ab0">
         <name>IntMasterEnable</name>
         <value>0x5059</value>
         <object_component_ref idref="oc-527"/>
      </symbol>
      <symbol id="sm-af0">
         <name>SSIDataPut</name>
         <value>0x513f</value>
         <object_component_ref idref="oc-11b"/>
      </symbol>
      <symbol id="sm-af1">
         <name>SSIDMAEnable</name>
         <value>0x518b</value>
         <object_component_ref idref="oc-582"/>
      </symbol>
      <symbol id="sm-af2">
         <name>SSIIntClear</name>
         <value>0x51f1</value>
         <object_component_ref idref="oc-ee"/>
      </symbol>
      <symbol id="sm-af3">
         <name>SSIIntStatus</name>
         <value>0x5153</value>
         <object_component_ref idref="oc-e8"/>
      </symbol>
      <symbol id="sm-af4">
         <name>SSIConfigSetExpClk</name>
         <value>0x4a6b</value>
         <object_component_ref idref="oc-3bb"/>
      </symbol>
      <symbol id="sm-af5">
         <name>SSIEnable</name>
         <value>0x5149</value>
         <object_component_ref idref="oc-3c1"/>
      </symbol>
      <symbol id="sm-af6">
         <name>SSIBusy</name>
         <value>0x5183</value>
         <object_component_ref idref="oc-121"/>
      </symbol>
      <symbol id="sm-b53">
         <name>SysCtlClockSet</name>
         <value>0x2dc1</value>
         <object_component_ref idref="oc-2ff"/>
      </symbol>
      <symbol id="sm-b54">
         <name>SysCtlDelay</name>
         <value>0x51d9</value>
         <object_component_ref idref="oc-f4"/>
      </symbol>
      <symbol id="sm-b55">
         <name>SysCtlPeripheralEnable</name>
         <value>0x4b7d</value>
         <object_component_ref idref="oc-23a"/>
      </symbol>
      <symbol id="sm-b56">
         <name>SysCtlClockGet</name>
         <value>0x29ad</value>
         <object_component_ref idref="oc-105"/>
      </symbol>
      <symbol id="sm-b57">
         <name>SysCtlPeripheralReset</name>
         <value>0x44d9</value>
         <object_component_ref idref="oc-50f"/>
      </symbol>
      <symbol id="sm-b66">
         <name>SysTickPeriodSet</name>
         <value>0x5079</value>
         <object_component_ref idref="oc-45d"/>
      </symbol>
      <symbol id="sm-bb4">
         <name>TimerLoadSet</name>
         <value>0x5037</value>
         <object_component_ref idref="oc-543"/>
      </symbol>
      <symbol id="sm-bb5">
         <name>TimerDisable</name>
         <value>0x4f91</value>
         <object_component_ref idref="oc-148"/>
      </symbol>
      <symbol id="sm-bb6">
         <name>TimerEnable</name>
         <value>0x50d1</value>
         <object_component_ref idref="oc-549"/>
      </symbol>
      <symbol id="sm-bb7">
         <name>TimerIntDisable</name>
         <value>0x515d</value>
         <object_component_ref idref="oc-14e"/>
      </symbol>
      <symbol id="sm-bb8">
         <name>TimerIntEnable</name>
         <value>0x5193</value>
         <object_component_ref idref="oc-54f"/>
      </symbol>
      <symbol id="sm-bb9">
         <name>TimerConfigure</name>
         <value>0x40a1</value>
         <object_component_ref idref="oc-53d"/>
      </symbol>
      <symbol id="sm-bba">
         <name>TimerControlEvent</name>
         <value>0x4f79</value>
         <object_component_ref idref="oc-592"/>
      </symbol>
      <symbol id="sm-bbb">
         <name>TimerIntClear</name>
         <value>0x51f5</value>
         <object_component_ref idref="oc-10f"/>
      </symbol>
      <symbol id="sm-bc8">
         <name>UARTClockSourceSet</name>
         <value>0x51df</value>
         <object_component_ref idref="oc-501"/>
      </symbol>
      <symbol id="sm-c3f">
         <name>uDMAChannelControlSet</name>
         <value>0x4e15</value>
         <object_component_ref idref="oc-57c"/>
      </symbol>
      <symbol id="sm-c40">
         <name>uDMAChannelIsEnabled</name>
         <value>0x4f61</value>
         <object_component_ref idref="oc-214"/>
      </symbol>
      <symbol id="sm-c41">
         <name>uDMAChannelDisable</name>
         <value>0x4f31</value>
         <object_component_ref idref="oc-588"/>
      </symbol>
      <symbol id="sm-c42">
         <name>uDMAChannelAttributeEnable</name>
         <value>0x4811</value>
         <object_component_ref idref="oc-576"/>
      </symbol>
      <symbol id="sm-c43">
         <name>uDMAChannelTransferSet</name>
         <value>0x3bb9</value>
         <object_component_ref idref="oc-21a"/>
      </symbol>
      <symbol id="sm-c44">
         <name>uDMAChannelAssign</name>
         <value>0x4cd5</value>
         <object_component_ref idref="oc-56a"/>
      </symbol>
      <symbol id="sm-c45">
         <name>uDMAEnable</name>
         <value>0x5089</value>
         <object_component_ref idref="oc-55e"/>
      </symbol>
      <symbol id="sm-c46">
         <name>uDMAControlBaseSet</name>
         <value>0x5129</value>
         <object_component_ref idref="oc-564"/>
      </symbol>
      <symbol id="sm-c47">
         <name>uDMAChannelAttributeDisable</name>
         <value>0x47c9</value>
         <object_component_ref idref="oc-570"/>
      </symbol>
      <symbol id="sm-c48">
         <name>uDMAChannelEnable</name>
         <value>0x4f49</value>
         <object_component_ref idref="oc-220"/>
      </symbol>
      <symbol id="sm-c7f">
         <name>WatchdogIntClear</name>
         <value>0x51e5</value>
         <object_component_ref idref="oc-12f"/>
      </symbol>
      <symbol id="sm-c80">
         <name>WatchdogUnlock</name>
         <value>0x5111</value>
         <object_component_ref idref="oc-41e"/>
      </symbol>
      <symbol id="sm-c81">
         <name>WatchdogReloadSet</name>
         <value>0x51f9</value>
         <object_component_ref idref="oc-424"/>
      </symbol>
      <symbol id="sm-c82">
         <name>WatchdogResetEnable</name>
         <value>0x5171</value>
         <object_component_ref idref="oc-42a"/>
      </symbol>
      <symbol id="sm-c83">
         <name>WatchdogEnable</name>
         <value>0x5167</value>
         <object_component_ref idref="oc-430"/>
      </symbol>
      <symbol id="sm-c84">
         <name>WatchdogLock</name>
         <value>0x519b</value>
         <object_component_ref idref="oc-436"/>
      </symbol>
      <symbol id="sm-c8e">
         <name>CPUcpsie</name>
         <value>0x50ed</value>
         <object_component_ref idref="oc-5b5"/>
      </symbol>
      <symbol id="sm-c8f">
         <name>__TI_static_base__</name>
         <value>0x0</value>
      </symbol>
      <symbol id="sm-c92">
         <name>SHT$$INIT_ARRAY$$Limit</name>
         <value>0x0</value>
      </symbol>
      <symbol id="sm-c93">
         <name>SHT$$INIT_ARRAY$$Base</name>
         <value>0x0</value>
      </symbol>
   </symbol_table>
   <title>Link successful</title>
</link_info>
